2026-05-25 09:50:04 | INFO | Config path: configs/pretrain/atas_imagenet.yaml
2026-05-25 09:50:04 | INFO | Using device: cuda:0
2026-05-25 09:50:04 | INFO | distributed=True, rank=0, world_size=4
2026-05-25 09:50:08 | INFO | Dataset size: 1281167
2026-05-25 09:50:41 | INFO | epoch=1 step=20/2224 global_step=20 loss=3.522507 gld=3.307787 lld=0.020495 ggd=0.214516 lr=1.000000e-05
2026-05-25 09:51:07 | INFO | epoch=1 step=40/2224 global_step=40 loss=2.469358 gld=2.313771 lld=0.015573 ggd=0.155431 lr=1.000000e-05
2026-05-25 09:51:34 | INFO | epoch=1 step=60/2224 global_step=60 loss=1.590552 gld=1.443266 lld=0.024300 ggd=0.147043 lr=1.000000e-05
2026-05-25 09:52:00 | INFO | epoch=1 step=80/2224 global_step=80 loss=1.134444 gld=0.998678 lld=0.024990 ggd=0.135516 lr=1.000000e-05
2026-05-25 09:52:26 | INFO | epoch=1 step=100/2224 global_step=100 loss=0.950622 gld=0.832442 lld=0.024253 ggd=0.117937 lr=1.000000e-05
2026-05-25 09:52:52 | INFO | epoch=1 step=120/2224 global_step=120 loss=0.982117 gld=0.859994 lld=0.023137 ggd=0.121891 lr=1.000000e-05
2026-05-25 09:53:18 | INFO | epoch=1 step=140/2224 global_step=140 loss=0.860656 gld=0.736538 lld=0.026136 ggd=0.123857 lr=1.000000e-05
2026-05-25 09:53:44 | INFO | epoch=1 step=160/2224 global_step=160 loss=0.794157 gld=0.671173 lld=0.026854 ggd=0.122715 lr=1.000000e-05
2026-05-25 09:54:11 | INFO | epoch=1 step=180/2224 global_step=180 loss=0.778403 gld=0.656041 lld=0.024379 ggd=0.122118 lr=1.000000e-05
2026-05-25 09:54:37 | INFO | epoch=1 step=200/2224 global_step=200 loss=0.725658 gld=0.606419 lld=0.026098 ggd=0.118978 lr=1.000000e-05
2026-05-25 09:55:03 | INFO | epoch=1 step=220/2224 global_step=220 loss=0.734794 gld=0.627092 lld=0.025143 ggd=0.107450 lr=1.000000e-05
2026-05-25 09:55:29 | INFO | epoch=1 step=240/2224 global_step=240 loss=0.642833 gld=0.535146 lld=0.024836 ggd=0.107439 lr=1.000000e-05
2026-05-25 09:55:55 | INFO | epoch=1 step=260/2224 global_step=260 loss=0.619547 gld=0.525561 lld=0.026780 ggd=0.093717 lr=1.000000e-05
2026-05-25 09:56:21 | INFO | epoch=1 step=280/2224 global_step=280 loss=0.622306 gld=0.519240 lld=0.024505 ggd=0.102822 lr=1.000000e-05
2026-05-25 09:56:48 | INFO | epoch=1 step=300/2224 global_step=300 loss=0.600104 gld=0.499043 lld=0.027423 ggd=0.100786 lr=1.000000e-05
2026-05-25 09:57:14 | INFO | epoch=1 step=320/2224 global_step=320 loss=0.580589 gld=0.484656 lld=0.025141 ggd=0.095682 lr=1.000000e-05
2026-05-25 09:57:40 | INFO | epoch=1 step=340/2224 global_step=340 loss=0.715027 gld=0.599125 lld=0.025339 ggd=0.115649 lr=1.000000e-05
2026-05-25 09:58:06 | INFO | epoch=1 step=360/2224 global_step=360 loss=0.616857 gld=0.504599 lld=0.025748 ggd=0.112000 lr=1.000000e-05
2026-05-25 09:58:32 | INFO | epoch=1 step=380/2224 global_step=380 loss=0.567939 gld=0.466403 lld=0.026088 ggd=0.101275 lr=1.000000e-05
2026-05-25 09:58:58 | INFO | epoch=1 step=400/2224 global_step=400 loss=0.548388 gld=0.449176 lld=0.026271 ggd=0.098950 lr=1.000000e-05
2026-05-25 09:59:24 | INFO | epoch=1 step=420/2224 global_step=420 loss=0.535820 gld=0.436886 lld=0.025907 ggd=0.098675 lr=1.000000e-05
2026-05-25 09:59:50 | INFO | epoch=1 step=440/2224 global_step=440 loss=0.585348 gld=0.487853 lld=0.026243 ggd=0.097233 lr=1.000000e-05
2026-05-25 10:00:17 | INFO | epoch=1 step=460/2224 global_step=460 loss=0.567211 gld=0.459333 lld=0.026871 ggd=0.107609 lr=1.000000e-05
2026-05-25 10:00:43 | INFO | epoch=1 step=480/2224 global_step=480 loss=0.547647 gld=0.447008 lld=0.026034 ggd=0.100378 lr=1.000000e-05
2026-05-25 10:01:10 | INFO | epoch=1 step=500/2224 global_step=500 loss=0.513594 gld=0.413726 lld=0.026657 ggd=0.099602 lr=1.000000e-05
2026-05-25 10:01:36 | INFO | epoch=1 step=520/2224 global_step=520 loss=0.536304 gld=0.439006 lld=0.026553 ggd=0.097032 lr=1.000000e-05
2026-05-25 10:02:02 | INFO | epoch=1 step=540/2224 global_step=540 loss=0.478358 gld=0.378457 lld=0.025001 ggd=0.099651 lr=1.000000e-05
2026-05-25 10:02:28 | INFO | epoch=1 step=560/2224 global_step=560 loss=0.484171 gld=0.391253 lld=0.025055 ggd=0.092667 lr=1.000000e-05
2026-05-25 10:02:54 | INFO | epoch=1 step=580/2224 global_step=580 loss=0.553221 gld=0.447873 lld=0.027079 ggd=0.105077 lr=1.000000e-05
2026-05-25 10:03:20 | INFO | epoch=1 step=600/2224 global_step=600 loss=0.498296 gld=0.401047 lld=0.026533 ggd=0.096983 lr=1.000000e-05
2026-05-25 10:03:46 | INFO | epoch=1 step=620/2224 global_step=620 loss=0.492321 gld=0.398098 lld=0.025916 ggd=0.093964 lr=1.000000e-05
2026-05-25 10:04:13 | INFO | epoch=1 step=640/2224 global_step=640 loss=0.527487 gld=0.424297 lld=0.027136 ggd=0.102919 lr=1.000000e-05
2026-05-25 10:04:39 | INFO | epoch=1 step=660/2224 global_step=660 loss=0.516512 gld=0.414568 lld=0.028069 ggd=0.101664 lr=1.000000e-05
2026-05-25 10:05:05 | INFO | epoch=1 step=680/2224 global_step=680 loss=0.474046 gld=0.376230 lld=0.027310 ggd=0.097544 lr=1.000000e-05
2026-05-25 10:05:31 | INFO | epoch=1 step=700/2224 global_step=700 loss=0.497878 gld=0.398536 lld=0.029463 ggd=0.099047 lr=1.000000e-05
2026-05-25 10:05:57 | INFO | epoch=1 step=720/2224 global_step=720 loss=0.501816 gld=0.395810 lld=0.026691 ggd=0.105739 lr=1.000000e-05
2026-05-25 10:06:23 | INFO | epoch=1 step=740/2224 global_step=740 loss=0.453678 gld=0.356835 lld=0.026679 ggd=0.096576 lr=1.000000e-05
2026-05-25 10:06:50 | INFO | epoch=1 step=760/2224 global_step=760 loss=0.427832 gld=0.334667 lld=0.025736 ggd=0.092908 lr=1.000000e-05
2026-05-25 10:07:16 | INFO | epoch=1 step=780/2224 global_step=780 loss=0.489872 gld=0.385847 lld=0.026891 ggd=0.103756 lr=1.000000e-05
2026-05-25 10:07:42 | INFO | epoch=1 step=800/2224 global_step=800 loss=0.484218 gld=0.388589 lld=0.027608 ggd=0.095353 lr=1.000000e-05
2026-05-25 10:08:09 | INFO | epoch=1 step=820/2224 global_step=820 loss=0.493627 gld=0.389210 lld=0.026078 ggd=0.104156 lr=1.000000e-05
2026-05-25 10:08:34 | INFO | epoch=1 step=840/2224 global_step=840 loss=0.485567 gld=0.384839 lld=0.025137 ggd=0.100477 lr=1.000000e-05
2026-05-25 10:09:00 | INFO | epoch=1 step=860/2224 global_step=860 loss=0.463605 gld=0.365480 lld=0.026822 ggd=0.097857 lr=1.000000e-05
2026-05-25 10:09:27 | INFO | epoch=1 step=880/2224 global_step=880 loss=0.440333 gld=0.345490 lld=0.025342 ggd=0.094590 lr=1.000000e-05
2026-05-25 10:09:53 | INFO | epoch=1 step=900/2224 global_step=900 loss=0.468330 gld=0.362632 lld=0.025605 ggd=0.105442 lr=1.000000e-05
2026-05-25 10:10:19 | INFO | epoch=1 step=920/2224 global_step=920 loss=0.452410 gld=0.353458 lld=0.026709 ggd=0.098686 lr=1.000000e-05
2026-05-25 10:10:45 | INFO | epoch=1 step=940/2224 global_step=940 loss=0.488340 gld=0.371185 lld=0.027609 ggd=0.116879 lr=1.000000e-05
2026-05-25 10:11:11 | INFO | epoch=1 step=960/2224 global_step=960 loss=0.427275 gld=0.331920 lld=0.026132 ggd=0.095094 lr=1.000000e-05
2026-05-25 10:11:37 | INFO | epoch=1 step=980/2224 global_step=980 loss=0.447968 gld=0.348291 lld=0.025603 ggd=0.099421 lr=1.000000e-05
2026-05-25 10:12:04 | INFO | epoch=1 step=1000/2224 global_step=1000 loss=0.439528 gld=0.339492 lld=0.026652 ggd=0.099769 lr=1.000000e-05
2026-05-25 10:12:30 | INFO | epoch=1 step=1020/2224 global_step=1020 loss=0.452439 gld=0.357446 lld=0.025410 ggd=0.094739 lr=1.000000e-05
2026-05-25 10:12:56 | INFO | epoch=1 step=1040/2224 global_step=1040 loss=0.414541 gld=0.321902 lld=0.025948 ggd=0.092380 lr=1.000000e-05
2026-05-25 10:13:22 | INFO | epoch=1 step=1060/2224 global_step=1060 loss=0.415540 gld=0.319288 lld=0.025555 ggd=0.095996 lr=1.000000e-05
2026-05-25 10:13:48 | INFO | epoch=1 step=1080/2224 global_step=1080 loss=0.449682 gld=0.347566 lld=0.026773 ggd=0.101848 lr=1.000000e-05
2026-05-25 10:14:14 | INFO | epoch=1 step=1100/2224 global_step=1100 loss=0.453115 gld=0.349362 lld=0.024568 ggd=0.103507 lr=1.000000e-05
2026-05-25 10:14:40 | INFO | epoch=1 step=1120/2224 global_step=1120 loss=0.430902 gld=0.339938 lld=0.027498 ggd=0.090689 lr=1.000000e-05
2026-05-25 10:15:07 | INFO | epoch=1 step=1140/2224 global_step=1140 loss=0.414667 gld=0.314056 lld=0.028285 ggd=0.100328 lr=1.000000e-05
2026-05-25 10:15:33 | INFO | epoch=1 step=1160/2224 global_step=1160 loss=0.398284 gld=0.311101 lld=0.026135 ggd=0.086921 lr=1.000000e-05
2026-05-25 10:15:58 | INFO | epoch=1 step=1180/2224 global_step=1180 loss=0.443139 gld=0.342150 lld=0.027236 ggd=0.100716 lr=1.000000e-05
2026-05-25 10:16:25 | INFO | epoch=1 step=1200/2224 global_step=1200 loss=0.415191 gld=0.323059 lld=0.027009 ggd=0.091861 lr=1.000000e-05
2026-05-25 10:16:51 | INFO | epoch=1 step=1220/2224 global_step=1220 loss=0.395176 gld=0.299498 lld=0.028937 ggd=0.095389 lr=1.000000e-05
2026-05-25 10:17:17 | INFO | epoch=1 step=1240/2224 global_step=1240 loss=0.398278 gld=0.309029 lld=0.027585 ggd=0.088973 lr=1.000000e-05
2026-05-25 10:17:44 | INFO | epoch=1 step=1260/2224 global_step=1260 loss=0.456951 gld=0.348240 lld=0.028281 ggd=0.108428 lr=1.000000e-05
2026-05-25 10:18:09 | INFO | epoch=1 step=1280/2224 global_step=1280 loss=0.440073 gld=0.331700 lld=0.028238 ggd=0.108091 lr=1.000000e-05
2026-05-25 10:18:35 | INFO | epoch=1 step=1300/2224 global_step=1300 loss=0.432240 gld=0.338408 lld=0.026870 ggd=0.093564 lr=1.000000e-05
2026-05-25 10:19:02 | INFO | epoch=1 step=1320/2224 global_step=1320 loss=0.408509 gld=0.313069 lld=0.026789 ggd=0.095173 lr=1.000000e-05
2026-05-25 10:19:28 | INFO | epoch=1 step=1340/2224 global_step=1340 loss=0.400718 gld=0.309935 lld=0.027069 ggd=0.090512 lr=1.000000e-05
2026-05-25 10:19:54 | INFO | epoch=1 step=1360/2224 global_step=1360 loss=0.426803 gld=0.322523 lld=0.028494 ggd=0.103996 lr=1.000000e-05
2026-05-25 10:20:21 | INFO | epoch=1 step=1380/2224 global_step=1380 loss=0.413302 gld=0.317933 lld=0.026534 ggd=0.095103 lr=1.000000e-05
2026-05-25 10:20:46 | INFO | epoch=1 step=1400/2224 global_step=1400 loss=0.398528 gld=0.302527 lld=0.026712 ggd=0.095734 lr=1.000000e-05
2026-05-25 10:21:13 | INFO | epoch=1 step=1420/2224 global_step=1420 loss=0.416179 gld=0.320329 lld=0.024974 ggd=0.095600 lr=1.000000e-05
2026-05-25 10:21:39 | INFO | epoch=1 step=1440/2224 global_step=1440 loss=0.416207 gld=0.314901 lld=0.028259 ggd=0.101024 lr=1.000000e-05
2026-05-25 10:22:05 | INFO | epoch=1 step=1460/2224 global_step=1460 loss=0.386058 gld=0.291057 lld=0.026736 ggd=0.094734 lr=1.000000e-05
2026-05-25 10:22:31 | INFO | epoch=1 step=1480/2224 global_step=1480 loss=0.447638 gld=0.345726 lld=0.027026 ggd=0.101642 lr=1.000000e-05
2026-05-25 10:22:58 | INFO | epoch=1 step=1500/2224 global_step=1500 loss=0.371467 gld=0.287183 lld=0.026486 ggd=0.084020 lr=1.000000e-05
2026-05-25 10:23:23 | INFO | epoch=1 step=1520/2224 global_step=1520 loss=0.410380 gld=0.319922 lld=0.026181 ggd=0.090197 lr=1.000000e-05
2026-05-25 10:23:49 | INFO | epoch=1 step=1540/2224 global_step=1540 loss=0.446052 gld=0.339310 lld=0.029189 ggd=0.106450 lr=1.000000e-05
2026-05-25 10:24:16 | INFO | epoch=1 step=1560/2224 global_step=1560 loss=0.418426 gld=0.314161 lld=0.030212 ggd=0.103962 lr=1.000000e-05
2026-05-25 10:24:42 | INFO | epoch=1 step=1580/2224 global_step=1580 loss=0.421410 gld=0.314032 lld=0.028003 ggd=0.107098 lr=1.000000e-05
2026-05-25 10:25:08 | INFO | epoch=1 step=1600/2224 global_step=1600 loss=0.441029 gld=0.338169 lld=0.026482 ggd=0.102595 lr=1.000000e-05
2026-05-25 10:25:34 | INFO | epoch=1 step=1620/2224 global_step=1620 loss=0.401219 gld=0.308946 lld=0.028065 ggd=0.091993 lr=1.000000e-05
2026-05-25 10:26:00 | INFO | epoch=1 step=1640/2224 global_step=1640 loss=0.408641 gld=0.307456 lld=0.027003 ggd=0.100915 lr=1.000000e-05
2026-05-25 10:26:26 | INFO | epoch=1 step=1660/2224 global_step=1660 loss=0.378040 gld=0.278546 lld=0.029920 ggd=0.099195 lr=1.000000e-05
2026-05-25 10:26:53 | INFO | epoch=1 step=1680/2224 global_step=1680 loss=0.380098 gld=0.288568 lld=0.028216 ggd=0.091247 lr=1.000000e-05
2026-05-25 10:27:19 | INFO | epoch=1 step=1700/2224 global_step=1700 loss=0.400304 gld=0.306195 lld=0.027686 ggd=0.093832 lr=1.000000e-05
2026-05-25 10:27:45 | INFO | epoch=1 step=1720/2224 global_step=1720 loss=0.394653 gld=0.291025 lld=0.027208 ggd=0.103356 lr=1.000000e-05
2026-05-25 10:28:12 | INFO | epoch=1 step=1740/2224 global_step=1740 loss=0.382312 gld=0.290248 lld=0.026662 ggd=0.091797 lr=1.000000e-05
2026-05-25 10:28:38 | INFO | epoch=1 step=1760/2224 global_step=1760 loss=0.407352 gld=0.307640 lld=0.029223 ggd=0.099419 lr=1.000000e-05
2026-05-25 10:29:04 | INFO | epoch=1 step=1780/2224 global_step=1780 loss=0.349943 gld=0.264715 lld=0.027415 ggd=0.084954 lr=1.000000e-05
2026-05-25 10:29:30 | INFO | epoch=1 step=1800/2224 global_step=1800 loss=0.385774 gld=0.288999 lld=0.028165 ggd=0.096493 lr=1.000000e-05
2026-05-25 10:29:56 | INFO | epoch=1 step=1820/2224 global_step=1820 loss=0.414892 gld=0.315242 lld=0.028329 ggd=0.099367 lr=1.000000e-05
2026-05-25 10:30:23 | INFO | epoch=1 step=1840/2224 global_step=1840 loss=0.401443 gld=0.303421 lld=0.028900 ggd=0.097732 lr=1.000000e-05
2026-05-25 10:30:49 | INFO | epoch=1 step=1860/2224 global_step=1860 loss=0.404903 gld=0.304893 lld=0.028018 ggd=0.099730 lr=1.000000e-05
2026-05-25 10:31:15 | INFO | epoch=1 step=1880/2224 global_step=1880 loss=0.369344 gld=0.274529 lld=0.027790 ggd=0.094537 lr=1.000000e-05
2026-05-25 10:31:42 | INFO | epoch=1 step=1900/2224 global_step=1900 loss=0.406468 gld=0.308483 lld=0.027809 ggd=0.097707 lr=1.000000e-05
2026-05-25 10:32:08 | INFO | epoch=1 step=1920/2224 global_step=1920 loss=0.389434 gld=0.291971 lld=0.028054 ggd=0.097183 lr=1.000000e-05
2026-05-25 10:32:34 | INFO | epoch=1 step=1940/2224 global_step=1940 loss=0.393574 gld=0.297645 lld=0.027644 ggd=0.095653 lr=1.000000e-05
2026-05-25 10:33:00 | INFO | epoch=1 step=1960/2224 global_step=1960 loss=0.426626 gld=0.324015 lld=0.028035 ggd=0.102331 lr=1.000000e-05
2026-05-25 10:33:26 | INFO | epoch=1 step=1980/2224 global_step=1980 loss=0.433342 gld=0.326918 lld=0.027752 ggd=0.106147 lr=1.000000e-05
2026-05-25 10:33:52 | INFO | epoch=1 step=2000/2224 global_step=2000 loss=0.373230 gld=0.278721 lld=0.027245 ggd=0.094236 lr=1.000000e-05
2026-05-25 10:34:18 | INFO | epoch=1 step=2020/2224 global_step=2020 loss=0.355036 gld=0.266995 lld=0.029081 ggd=0.087751 lr=1.000000e-05
2026-05-25 10:34:44 | INFO | epoch=1 step=2040/2224 global_step=2040 loss=0.427056 gld=0.318362 lld=0.027810 ggd=0.108416 lr=1.000000e-05
2026-05-25 10:35:10 | INFO | epoch=1 step=2060/2224 global_step=2060 loss=0.369317 gld=0.276080 lld=0.026636 ggd=0.092971 lr=1.000000e-05
2026-05-25 10:35:36 | INFO | epoch=1 step=2080/2224 global_step=2080 loss=0.374523 gld=0.279217 lld=0.028170 ggd=0.095024 lr=1.000000e-05
2026-05-25 10:36:03 | INFO | epoch=1 step=2100/2224 global_step=2100 loss=0.405562 gld=0.301094 lld=0.028360 ggd=0.104185 lr=1.000000e-05
2026-05-25 10:36:29 | INFO | epoch=1 step=2120/2224 global_step=2120 loss=0.383936 gld=0.286414 lld=0.027060 ggd=0.097252 lr=1.000000e-05
2026-05-25 10:36:56 | INFO | epoch=1 step=2140/2224 global_step=2140 loss=0.422243 gld=0.308977 lld=0.030537 ggd=0.112961 lr=1.000000e-05
2026-05-25 10:37:22 | INFO | epoch=1 step=2160/2224 global_step=2160 loss=0.368146 gld=0.275481 lld=0.029288 ggd=0.092372 lr=1.000000e-05
2026-05-25 10:37:47 | INFO | epoch=1 step=2180/2224 global_step=2180 loss=0.396754 gld=0.298182 lld=0.026746 ggd=0.098304 lr=1.000000e-05
2026-05-25 10:38:14 | INFO | epoch=1 step=2200/2224 global_step=2200 loss=0.405982 gld=0.299905 lld=0.028080 ggd=0.105797 lr=1.000000e-05
2026-05-25 10:38:40 | INFO | epoch=1 step=2220/2224 global_step=2220 loss=0.380811 gld=0.279959 lld=0.026742 ggd=0.100584 lr=1.000000e-05
2026-05-25 10:38:45 | INFO | [Epoch 1] avg_loss=0.552196 avg_gld=0.449469 avg_lld=0.026609 avg_ggd=0.102461
2026-05-25 10:38:46 | INFO | Saved checkpoint: outputs/pretrain_bs36/atas_epoch_1.pt
2026-05-25 10:39:08 | INFO | epoch=2 step=16/2224 global_step=2240 loss=0.419641 gld=0.315927 lld=0.028066 ggd=0.103433 lr=1.000000e-05
2026-05-25 10:39:33 | INFO | epoch=2 step=36/2224 global_step=2260 loss=0.378496 gld=0.281252 lld=0.028681 ggd=0.096958 lr=1.000000e-05
2026-05-25 10:39:59 | INFO | epoch=2 step=56/2224 global_step=2280 loss=0.370883 gld=0.275032 lld=0.027929 ggd=0.095571 lr=1.000000e-05
2026-05-25 10:40:26 | INFO | epoch=2 step=76/2224 global_step=2300 loss=0.361521 gld=0.265887 lld=0.027874 ggd=0.095356 lr=1.000000e-05
2026-05-25 10:40:52 | INFO | epoch=2 step=96/2224 global_step=2320 loss=0.359997 gld=0.268758 lld=0.026515 ggd=0.090973 lr=1.000000e-05
2026-05-25 10:41:18 | INFO | epoch=2 step=116/2224 global_step=2340 loss=0.356276 gld=0.264170 lld=0.026418 ggd=0.091843 lr=1.000000e-05
2026-05-25 10:41:44 | INFO | epoch=2 step=136/2224 global_step=2360 loss=0.384846 gld=0.292291 lld=0.028056 ggd=0.092275 lr=1.000000e-05
2026-05-25 10:42:10 | INFO | epoch=2 step=156/2224 global_step=2380 loss=0.402138 gld=0.299507 lld=0.028098 ggd=0.102350 lr=1.000000e-05
2026-05-25 10:42:37 | INFO | epoch=2 step=176/2224 global_step=2400 loss=0.376338 gld=0.281372 lld=0.028061 ggd=0.094686 lr=1.000000e-05
2026-05-25 10:43:02 | INFO | epoch=2 step=196/2224 global_step=2420 loss=0.339374 gld=0.251911 lld=0.026723 ggd=0.087196 lr=1.000000e-05
2026-05-25 10:43:29 | INFO | epoch=2 step=216/2224 global_step=2440 loss=0.366133 gld=0.268617 lld=0.028095 ggd=0.097234 lr=1.000000e-05
2026-05-25 10:43:55 | INFO | epoch=2 step=236/2224 global_step=2460 loss=0.338945 gld=0.250629 lld=0.026585 ggd=0.088050 lr=1.000000e-05
2026-05-25 10:44:21 | INFO | epoch=2 step=256/2224 global_step=2480 loss=0.373289 gld=0.276461 lld=0.027700 ggd=0.096551 lr=1.000000e-05
2026-05-25 10:44:47 | INFO | epoch=2 step=276/2224 global_step=2500 loss=0.348148 gld=0.253288 lld=0.026071 ggd=0.094599 lr=1.000000e-05
2026-05-25 10:45:14 | INFO | epoch=2 step=296/2224 global_step=2520 loss=0.384344 gld=0.287493 lld=0.026551 ggd=0.096586 lr=1.000000e-05
2026-05-25 10:45:40 | INFO | epoch=2 step=316/2224 global_step=2540 loss=0.362923 gld=0.267575 lld=0.027376 ggd=0.095075 lr=1.000000e-05
2026-05-25 10:46:06 | INFO | epoch=2 step=336/2224 global_step=2560 loss=0.365629 gld=0.268915 lld=0.026480 ggd=0.096449 lr=1.000000e-05
2026-05-25 10:46:32 | INFO | epoch=2 step=356/2224 global_step=2580 loss=0.398160 gld=0.289181 lld=0.028621 ggd=0.108692 lr=1.000000e-05
2026-05-25 10:46:58 | INFO | epoch=2 step=376/2224 global_step=2600 loss=0.359750 gld=0.266169 lld=0.028199 ggd=0.093299 lr=1.000000e-05
2026-05-25 10:47:24 | INFO | epoch=2 step=396/2224 global_step=2620 loss=0.401276 gld=0.299784 lld=0.026970 ggd=0.101222 lr=1.000000e-05
2026-05-25 10:47:51 | INFO | epoch=2 step=416/2224 global_step=2640 loss=0.372364 gld=0.268136 lld=0.028069 ggd=0.103947 lr=1.000000e-05
2026-05-25 10:48:17 | INFO | epoch=2 step=436/2224 global_step=2660 loss=0.357621 gld=0.258755 lld=0.027202 ggd=0.098593 lr=1.000000e-05
2026-05-25 10:48:43 | INFO | epoch=2 step=456/2224 global_step=2680 loss=0.343017 gld=0.249074 lld=0.026007 ggd=0.093683 lr=1.000000e-05
2026-05-25 10:49:09 | INFO | epoch=2 step=476/2224 global_step=2700 loss=0.338971 gld=0.246128 lld=0.027445 ggd=0.092568 lr=1.000000e-05
2026-05-25 10:49:35 | INFO | epoch=2 step=496/2224 global_step=2720 loss=0.390593 gld=0.285629 lld=0.028921 ggd=0.104674 lr=1.000000e-05
2026-05-25 10:50:01 | INFO | epoch=2 step=516/2224 global_step=2740 loss=0.381754 gld=0.274820 lld=0.027286 ggd=0.106661 lr=1.000000e-05
2026-05-25 10:50:28 | INFO | epoch=2 step=536/2224 global_step=2760 loss=0.370521 gld=0.275796 lld=0.026259 ggd=0.094463 lr=1.000000e-05
2026-05-25 10:50:54 | INFO | epoch=2 step=556/2224 global_step=2780 loss=0.401848 gld=0.289498 lld=0.026617 ggd=0.112084 lr=1.000000e-05
2026-05-25 10:51:20 | INFO | epoch=2 step=576/2224 global_step=2800 loss=0.362147 gld=0.266221 lld=0.027521 ggd=0.095650 lr=1.000000e-05
2026-05-25 10:51:47 | INFO | epoch=2 step=596/2224 global_step=2820 loss=0.341166 gld=0.252138 lld=0.028013 ggd=0.088748 lr=1.000000e-05
2026-05-25 10:52:12 | INFO | epoch=2 step=616/2224 global_step=2840 loss=0.357205 gld=0.263739 lld=0.025928 ggd=0.093206 lr=1.000000e-05
2026-05-25 10:52:38 | INFO | epoch=2 step=636/2224 global_step=2860 loss=0.358354 gld=0.257525 lld=0.027144 ggd=0.100558 lr=1.000000e-05
2026-05-25 10:53:05 | INFO | epoch=2 step=656/2224 global_step=2880 loss=0.390607 gld=0.289949 lld=0.028545 ggd=0.100373 lr=1.000000e-05
2026-05-25 10:53:31 | INFO | epoch=2 step=676/2224 global_step=2900 loss=0.357546 gld=0.260277 lld=0.027765 ggd=0.096991 lr=1.000000e-05
2026-05-25 10:53:57 | INFO | epoch=2 step=696/2224 global_step=2920 loss=0.323900 gld=0.235982 lld=0.027173 ggd=0.087646 lr=1.000000e-05
2026-05-25 10:54:23 | INFO | epoch=2 step=716/2224 global_step=2940 loss=0.351173 gld=0.261636 lld=0.026683 ggd=0.089270 lr=1.000000e-05
2026-05-25 10:54:49 | INFO | epoch=2 step=736/2224 global_step=2960 loss=0.353327 gld=0.253522 lld=0.028720 ggd=0.099518 lr=1.000000e-05
2026-05-25 10:55:15 | INFO | epoch=2 step=756/2224 global_step=2980 loss=0.388334 gld=0.282252 lld=0.025842 ggd=0.105824 lr=1.000000e-05
2026-05-25 10:55:41 | INFO | epoch=2 step=776/2224 global_step=3000 loss=0.365834 gld=0.265040 lld=0.027249 ggd=0.100522 lr=1.000000e-05
2026-05-25 10:56:07 | INFO | epoch=2 step=796/2224 global_step=3020 loss=0.329433 gld=0.238887 lld=0.027895 ggd=0.090267 lr=1.000000e-05
2026-05-25 10:56:33 | INFO | epoch=2 step=816/2224 global_step=3040 loss=0.366862 gld=0.271413 lld=0.027082 ggd=0.095178 lr=1.000000e-05
2026-05-25 10:57:00 | INFO | epoch=2 step=836/2224 global_step=3060 loss=0.361607 gld=0.268526 lld=0.027066 ggd=0.092810 lr=1.000000e-05
2026-05-25 10:57:26 | INFO | epoch=2 step=856/2224 global_step=3080 loss=0.372725 gld=0.270025 lld=0.027292 ggd=0.102427 lr=1.000000e-05
2026-05-25 10:57:52 | INFO | epoch=2 step=876/2224 global_step=3100 loss=0.370831 gld=0.273761 lld=0.026497 ggd=0.096805 lr=1.000000e-05
2026-05-25 10:58:18 | INFO | epoch=2 step=896/2224 global_step=3120 loss=0.322225 gld=0.233571 lld=0.026697 ggd=0.088386 lr=1.000000e-05
2026-05-25 10:58:44 | INFO | epoch=2 step=916/2224 global_step=3140 loss=0.383198 gld=0.281161 lld=0.028539 ggd=0.101751 lr=1.000000e-05
2026-05-25 10:59:10 | INFO | epoch=2 step=936/2224 global_step=3160 loss=0.384355 gld=0.281106 lld=0.026138 ggd=0.102987 lr=1.000000e-05
2026-05-25 10:59:37 | INFO | epoch=2 step=956/2224 global_step=3180 loss=0.343629 gld=0.247517 lld=0.028682 ggd=0.095825 lr=1.000000e-05
2026-05-25 11:00:03 | INFO | epoch=2 step=976/2224 global_step=3200 loss=0.325846 gld=0.237118 lld=0.025289 ggd=0.088476 lr=1.000000e-05
2026-05-25 11:00:29 | INFO | epoch=2 step=996/2224 global_step=3220 loss=0.369635 gld=0.272084 lld=0.027449 ggd=0.097276 lr=1.000000e-05
2026-05-25 11:00:55 | INFO | epoch=2 step=1016/2224 global_step=3240 loss=0.359827 gld=0.261079 lld=0.026634 ggd=0.098481 lr=1.000000e-05
2026-05-25 11:01:21 | INFO | epoch=2 step=1036/2224 global_step=3260 loss=0.362678 gld=0.266831 lld=0.027817 ggd=0.095569 lr=1.000000e-05
2026-05-25 11:01:47 | INFO | epoch=2 step=1056/2224 global_step=3280 loss=0.333474 gld=0.244433 lld=0.026429 ggd=0.088777 lr=1.000000e-05
2026-05-25 11:02:13 | INFO | epoch=2 step=1076/2224 global_step=3300 loss=0.388218 gld=0.287527 lld=0.025961 ggd=0.100431 lr=1.000000e-05
2026-05-25 11:02:39 | INFO | epoch=2 step=1096/2224 global_step=3320 loss=0.353392 gld=0.257020 lld=0.027216 ggd=0.096100 lr=1.000000e-05
2026-05-25 11:03:05 | INFO | epoch=2 step=1116/2224 global_step=3340 loss=0.360753 gld=0.258958 lld=0.026785 ggd=0.101528 lr=1.000000e-05
2026-05-25 11:03:32 | INFO | epoch=2 step=1136/2224 global_step=3360 loss=0.364367 gld=0.270613 lld=0.026209 ggd=0.093492 lr=1.000000e-05
2026-05-25 11:03:58 | INFO | epoch=2 step=1156/2224 global_step=3380 loss=0.366841 gld=0.263849 lld=0.028030 ggd=0.102711 lr=1.000000e-05
2026-05-25 11:04:24 | INFO | epoch=2 step=1176/2224 global_step=3400 loss=0.392846 gld=0.289851 lld=0.026504 ggd=0.102730 lr=1.000000e-05
2026-05-25 11:04:50 | INFO | epoch=2 step=1196/2224 global_step=3420 loss=0.323396 gld=0.233032 lld=0.027014 ggd=0.090094 lr=1.000000e-05
2026-05-25 11:05:17 | INFO | epoch=2 step=1216/2224 global_step=3440 loss=0.336159 gld=0.245761 lld=0.026835 ggd=0.090130 lr=1.000000e-05
2026-05-25 11:05:43 | INFO | epoch=2 step=1236/2224 global_step=3460 loss=0.372996 gld=0.274124 lld=0.027493 ggd=0.098597 lr=1.000000e-05
2026-05-25 11:06:09 | INFO | epoch=2 step=1256/2224 global_step=3480 loss=0.349202 gld=0.257506 lld=0.025842 ggd=0.091437 lr=1.000000e-05
2026-05-25 11:06:35 | INFO | epoch=2 step=1276/2224 global_step=3500 loss=0.374862 gld=0.271269 lld=0.028372 ggd=0.103309 lr=1.000000e-05
2026-05-25 11:07:01 | INFO | epoch=2 step=1296/2224 global_step=3520 loss=0.368888 gld=0.271121 lld=0.027876 ggd=0.097488 lr=1.000000e-05
2026-05-25 11:07:28 | INFO | epoch=2 step=1316/2224 global_step=3540 loss=0.364669 gld=0.264641 lld=0.027889 ggd=0.099749 lr=1.000000e-05
2026-05-25 11:07:54 | INFO | epoch=2 step=1336/2224 global_step=3560 loss=0.344197 gld=0.251360 lld=0.027548 ggd=0.092561 lr=1.000000e-05
2026-05-25 11:08:20 | INFO | epoch=2 step=1356/2224 global_step=3580 loss=0.346321 gld=0.248514 lld=0.026615 ggd=0.097541 lr=1.000000e-05
2026-05-25 11:08:46 | INFO | epoch=2 step=1376/2224 global_step=3600 loss=0.354698 gld=0.254435 lld=0.026449 ggd=0.099999 lr=1.000000e-05
2026-05-25 11:09:12 | INFO | epoch=2 step=1396/2224 global_step=3620 loss=0.319983 gld=0.232979 lld=0.025603 ggd=0.086749 lr=1.000000e-05
2026-05-25 11:09:38 | INFO | epoch=2 step=1416/2224 global_step=3640 loss=0.375176 gld=0.272093 lld=0.027319 ggd=0.102809 lr=1.000000e-05
2026-05-25 11:10:05 | INFO | epoch=2 step=1436/2224 global_step=3660 loss=0.386430 gld=0.277909 lld=0.028101 ggd=0.108240 lr=1.000000e-05
2026-05-25 11:10:31 | INFO | epoch=2 step=1456/2224 global_step=3680 loss=0.329108 gld=0.230473 lld=0.026382 ggd=0.098371 lr=1.000000e-05
2026-05-25 11:10:57 | INFO | epoch=2 step=1476/2224 global_step=3700 loss=0.331090 gld=0.239319 lld=0.026644 ggd=0.091505 lr=1.000000e-05
2026-05-25 11:11:24 | INFO | epoch=2 step=1496/2224 global_step=3720 loss=0.338713 gld=0.244077 lld=0.026971 ggd=0.094366 lr=1.000000e-05
2026-05-25 11:11:50 | INFO | epoch=2 step=1516/2224 global_step=3740 loss=0.347030 gld=0.247766 lld=0.029962 ggd=0.098964 lr=1.000000e-05
2026-05-25 11:12:16 | INFO | epoch=2 step=1536/2224 global_step=3760 loss=0.367094 gld=0.259187 lld=0.026512 ggd=0.107643 lr=1.000000e-05
2026-05-25 11:12:42 | INFO | epoch=2 step=1556/2224 global_step=3780 loss=0.346306 gld=0.253299 lld=0.026096 ggd=0.092746 lr=1.000000e-05
2026-05-25 11:13:08 | INFO | epoch=2 step=1576/2224 global_step=3800 loss=0.358430 gld=0.258744 lld=0.025838 ggd=0.099427 lr=1.000000e-05
2026-05-25 11:13:35 | INFO | epoch=2 step=1596/2224 global_step=3820 loss=0.362617 gld=0.258216 lld=0.027284 ggd=0.104129 lr=1.000000e-05
2026-05-25 11:14:01 | INFO | epoch=2 step=1616/2224 global_step=3840 loss=0.347959 gld=0.252152 lld=0.027253 ggd=0.095535 lr=1.000000e-05
2026-05-25 11:14:27 | INFO | epoch=2 step=1636/2224 global_step=3860 loss=0.356646 gld=0.260050 lld=0.026366 ggd=0.096332 lr=1.000000e-05
2026-05-25 11:14:53 | INFO | epoch=2 step=1656/2224 global_step=3880 loss=0.351845 gld=0.245921 lld=0.027315 ggd=0.105651 lr=1.000000e-05
2026-05-25 11:15:19 | INFO | epoch=2 step=1676/2224 global_step=3900 loss=0.332936 gld=0.238780 lld=0.025537 ggd=0.093900 lr=1.000000e-05
2026-05-25 11:15:45 | INFO | epoch=2 step=1696/2224 global_step=3920 loss=0.335067 gld=0.239730 lld=0.027242 ggd=0.095065 lr=1.000000e-05
2026-05-25 11:16:12 | INFO | epoch=2 step=1716/2224 global_step=3940 loss=0.350440 gld=0.253174 lld=0.027750 ggd=0.096988 lr=1.000000e-05
2026-05-25 11:16:38 | INFO | epoch=2 step=1736/2224 global_step=3960 loss=0.375593 gld=0.268310 lld=0.027048 ggd=0.107012 lr=1.000000e-05
2026-05-25 11:17:04 | INFO | epoch=2 step=1756/2224 global_step=3980 loss=0.360114 gld=0.267678 lld=0.027641 ggd=0.092159 lr=1.000000e-05
2026-05-25 11:17:30 | INFO | epoch=2 step=1776/2224 global_step=4000 loss=0.374801 gld=0.270599 lld=0.030414 ggd=0.103897 lr=1.000000e-05
2026-05-25 11:17:56 | INFO | epoch=2 step=1796/2224 global_step=4020 loss=0.358435 gld=0.267340 lld=0.026784 ggd=0.090827 lr=1.000000e-05
2026-05-25 11:18:22 | INFO | epoch=2 step=1816/2224 global_step=4040 loss=0.351816 gld=0.256345 lld=0.027702 ggd=0.095194 lr=1.000000e-05
2026-05-25 11:18:49 | INFO | epoch=2 step=1836/2224 global_step=4060 loss=0.338174 gld=0.239998 lld=0.026991 ggd=0.097907 lr=1.000000e-05
2026-05-25 11:19:15 | INFO | epoch=2 step=1856/2224 global_step=4080 loss=0.332169 gld=0.241475 lld=0.027602 ggd=0.090418 lr=1.000000e-05
2026-05-25 11:19:41 | INFO | epoch=2 step=1876/2224 global_step=4100 loss=0.349263 gld=0.255380 lld=0.028188 ggd=0.093601 lr=1.000000e-05
2026-05-25 11:20:07 | INFO | epoch=2 step=1896/2224 global_step=4120 loss=0.342524 gld=0.246596 lld=0.026555 ggd=0.095663 lr=1.000000e-05
2026-05-25 11:20:33 | INFO | epoch=2 step=1916/2224 global_step=4140 loss=0.327931 gld=0.233860 lld=0.027340 ggd=0.093798 lr=1.000000e-05
2026-05-25 11:20:59 | INFO | epoch=2 step=1936/2224 global_step=4160 loss=0.326569 gld=0.235280 lld=0.027786 ggd=0.091012 lr=1.000000e-05
2026-05-25 11:21:26 | INFO | epoch=2 step=1956/2224 global_step=4180 loss=0.309260 gld=0.221548 lld=0.025485 ggd=0.087457 lr=1.000000e-05
2026-05-25 11:21:52 | INFO | epoch=2 step=1976/2224 global_step=4200 loss=0.333166 gld=0.242977 lld=0.026836 ggd=0.089920 lr=1.000000e-05
2026-05-25 11:22:18 | INFO | epoch=2 step=1996/2224 global_step=4220 loss=0.355116 gld=0.254269 lld=0.027022 ggd=0.100577 lr=1.000000e-05
2026-05-25 11:22:44 | INFO | epoch=2 step=2016/2224 global_step=4240 loss=0.349034 gld=0.250914 lld=0.026469 ggd=0.097856 lr=1.000000e-05
2026-05-25 11:23:10 | INFO | epoch=2 step=2036/2224 global_step=4260 loss=0.350679 gld=0.250971 lld=0.027286 ggd=0.099434 lr=1.000000e-05
2026-05-25 11:23:36 | INFO | epoch=2 step=2056/2224 global_step=4280 loss=0.339758 gld=0.244622 lld=0.028232 ggd=0.094854 lr=1.000000e-05
2026-05-25 11:24:02 | INFO | epoch=2 step=2076/2224 global_step=4300 loss=0.348351 gld=0.248199 lld=0.026715 ggd=0.099884 lr=1.000000e-05
2026-05-25 11:24:28 | INFO | epoch=2 step=2096/2224 global_step=4320 loss=0.347873 gld=0.246173 lld=0.027827 ggd=0.101422 lr=1.000000e-05
2026-05-25 11:24:54 | INFO | epoch=2 step=2116/2224 global_step=4340 loss=0.343744 gld=0.247055 lld=0.027036 ggd=0.096419 lr=1.000000e-05
2026-05-25 11:25:21 | INFO | epoch=2 step=2136/2224 global_step=4360 loss=0.340136 gld=0.246936 lld=0.026322 ggd=0.092937 lr=1.000000e-05
2026-05-25 11:25:47 | INFO | epoch=2 step=2156/2224 global_step=4380 loss=0.338999 gld=0.241337 lld=0.025957 ggd=0.097403 lr=1.000000e-05
2026-05-25 11:26:13 | INFO | epoch=2 step=2176/2224 global_step=4400 loss=0.342767 gld=0.245225 lld=0.028252 ggd=0.097259 lr=1.000000e-05
2026-05-25 11:26:40 | INFO | epoch=2 step=2196/2224 global_step=4420 loss=0.320079 gld=0.232682 lld=0.027632 ggd=0.087120 lr=1.000000e-05
2026-05-25 11:27:06 | INFO | epoch=2 step=2216/2224 global_step=4440 loss=0.356567 gld=0.259930 lld=0.027623 ggd=0.096361 lr=1.000000e-05
2026-05-25 11:27:16 | INFO | [Epoch 2] avg_loss=0.355463 avg_gld=0.258461 avg_lld=0.027252 avg_ggd=0.096730
2026-05-25 11:27:18 | INFO | Saved checkpoint: outputs/pretrain_bs36/atas_epoch_2.pt
2026-05-25 11:27:35 | INFO | epoch=3 step=12/2224 global_step=4460 loss=0.326221 gld=0.229742 lld=0.027010 ggd=0.096209 lr=1.000000e-05
2026-05-25 11:28:01 | INFO | epoch=3 step=32/2224 global_step=4480 loss=0.323754 gld=0.234890 lld=0.026515 ggd=0.088599 lr=1.000000e-05
2026-05-25 11:28:27 | INFO | epoch=3 step=52/2224 global_step=4500 loss=0.325292 gld=0.229849 lld=0.027352 ggd=0.095170 lr=1.000000e-05
2026-05-25 11:28:53 | INFO | epoch=3 step=72/2224 global_step=4520 loss=0.353128 gld=0.249457 lld=0.028210 ggd=0.103389 lr=1.000000e-05
2026-05-25 11:29:19 | INFO | epoch=3 step=92/2224 global_step=4540 loss=0.356611 gld=0.258441 lld=0.028225 ggd=0.097888 lr=1.000000e-05
2026-05-25 11:29:46 | INFO | epoch=3 step=112/2224 global_step=4560 loss=0.324950 gld=0.231765 lld=0.028304 ggd=0.092902 lr=1.000000e-05
2026-05-25 11:30:12 | INFO | epoch=3 step=132/2224 global_step=4580 loss=0.354560 gld=0.259746 lld=0.028925 ggd=0.094525 lr=1.000000e-05
2026-05-25 11:30:38 | INFO | epoch=3 step=152/2224 global_step=4600 loss=0.325072 gld=0.234729 lld=0.026733 ggd=0.090076 lr=1.000000e-05
2026-05-25 11:31:05 | INFO | epoch=3 step=172/2224 global_step=4620 loss=0.359684 gld=0.258838 lld=0.027618 ggd=0.100569 lr=1.000000e-05
2026-05-25 11:31:31 | INFO | epoch=3 step=192/2224 global_step=4640 loss=0.334585 gld=0.234895 lld=0.027755 ggd=0.099413 lr=1.000000e-05
2026-05-25 11:31:57 | INFO | epoch=3 step=212/2224 global_step=4660 loss=0.361053 gld=0.258287 lld=0.027780 ggd=0.102488 lr=1.000000e-05
2026-05-25 11:32:24 | INFO | epoch=3 step=232/2224 global_step=4680 loss=0.331882 gld=0.239492 lld=0.027176 ggd=0.092118 lr=1.000000e-05
2026-05-25 11:32:50 | INFO | epoch=3 step=252/2224 global_step=4700 loss=0.328036 gld=0.233884 lld=0.026163 ggd=0.093891 lr=1.000000e-05
2026-05-25 11:33:16 | INFO | epoch=3 step=272/2224 global_step=4720 loss=0.360532 gld=0.257696 lld=0.027635 ggd=0.102560 lr=1.000000e-05
2026-05-25 11:33:42 | INFO | epoch=3 step=292/2224 global_step=4740 loss=0.310784 gld=0.217502 lld=0.027204 ggd=0.093011 lr=1.000000e-05
2026-05-25 11:34:08 | INFO | epoch=3 step=312/2224 global_step=4760 loss=0.345677 gld=0.242908 lld=0.026385 ggd=0.102505 lr=1.000000e-05
2026-05-25 11:34:34 | INFO | epoch=3 step=332/2224 global_step=4780 loss=0.308192 gld=0.216200 lld=0.026772 ggd=0.091724 lr=1.000000e-05
2026-05-25 11:35:01 | INFO | epoch=3 step=352/2224 global_step=4800 loss=0.348759 gld=0.247449 lld=0.027092 ggd=0.101039 lr=1.000000e-05
2026-05-25 11:35:24 | INFO | epoch=3 step=372/2224 global_step=4820 loss=0.339186 gld=0.235576 lld=0.026526 ggd=0.103345 lr=1.000000e-05
2026-05-25 11:35:50 | INFO | epoch=3 step=392/2224 global_step=4840 loss=0.337050 gld=0.237327 lld=0.026014 ggd=0.099463 lr=1.000000e-05
2026-05-25 11:36:17 | INFO | epoch=3 step=412/2224 global_step=4860 loss=0.315176 gld=0.226385 lld=0.027333 ggd=0.088518 lr=1.000000e-05
2026-05-25 11:36:43 | INFO | epoch=3 step=432/2224 global_step=4880 loss=0.338653 gld=0.241938 lld=0.027176 ggd=0.096444 lr=1.000000e-05
2026-05-25 11:37:09 | INFO | epoch=3 step=452/2224 global_step=4900 loss=0.288286 gld=0.204545 lld=0.026295 ggd=0.083478 lr=1.000000e-05
2026-05-25 11:37:35 | INFO | epoch=3 step=472/2224 global_step=4920 loss=0.338381 gld=0.240638 lld=0.027683 ggd=0.097466 lr=1.000000e-05
2026-05-25 11:38:01 | INFO | epoch=3 step=492/2224 global_step=4940 loss=0.318827 gld=0.224894 lld=0.028976 ggd=0.093643 lr=1.000000e-05
2026-05-25 11:38:27 | INFO | epoch=3 step=512/2224 global_step=4960 loss=0.329301 gld=0.236746 lld=0.027189 ggd=0.092283 lr=1.000000e-05
2026-05-25 11:38:54 | INFO | epoch=3 step=532/2224 global_step=4980 loss=0.336698 gld=0.238779 lld=0.028066 ggd=0.097638 lr=1.000000e-05
2026-05-25 11:39:20 | INFO | epoch=3 step=552/2224 global_step=5000 loss=0.323121 gld=0.230403 lld=0.027990 ggd=0.092438 lr=1.000000e-05
2026-05-25 11:39:46 | INFO | epoch=3 step=572/2224 global_step=5020 loss=0.333052 gld=0.239026 lld=0.027691 ggd=0.093750 lr=1.000000e-05
2026-05-25 11:40:13 | INFO | epoch=3 step=592/2224 global_step=5040 loss=0.366079 gld=0.262033 lld=0.027923 ggd=0.103767 lr=1.000000e-05
2026-05-25 11:40:38 | INFO | epoch=3 step=612/2224 global_step=5060 loss=0.376804 gld=0.268574 lld=0.026967 ggd=0.107960 lr=1.000000e-05
2026-05-25 11:41:04 | INFO | epoch=3 step=632/2224 global_step=5080 loss=0.353975 gld=0.247476 lld=0.028578 ggd=0.106213 lr=1.000000e-05
2026-05-25 11:41:30 | INFO | epoch=3 step=652/2224 global_step=5100 loss=0.336617 gld=0.239559 lld=0.028042 ggd=0.096778 lr=1.000000e-05
2026-05-25 11:41:57 | INFO | epoch=3 step=672/2224 global_step=5120 loss=0.329599 gld=0.232385 lld=0.027749 ggd=0.096936 lr=1.000000e-05
2026-05-25 11:42:23 | INFO | epoch=3 step=692/2224 global_step=5140 loss=0.315288 gld=0.226602 lld=0.027265 ggd=0.088413 lr=1.000000e-05
2026-05-25 11:42:49 | INFO | epoch=3 step=712/2224 global_step=5160 loss=0.354123 gld=0.255935 lld=0.027716 ggd=0.097911 lr=1.000000e-05
2026-05-25 11:43:15 | INFO | epoch=3 step=732/2224 global_step=5180 loss=0.330077 gld=0.234865 lld=0.027843 ggd=0.094934 lr=1.000000e-05
2026-05-25 11:43:41 | INFO | epoch=3 step=752/2224 global_step=5200 loss=0.366015 gld=0.261271 lld=0.028575 ggd=0.104459 lr=1.000000e-05
2026-05-25 11:44:08 | INFO | epoch=3 step=772/2224 global_step=5220 loss=0.302012 gld=0.211505 lld=0.028176 ggd=0.090225 lr=1.000000e-05
2026-05-25 11:44:34 | INFO | epoch=3 step=792/2224 global_step=5240 loss=0.348288 gld=0.248384 lld=0.027671 ggd=0.099628 lr=1.000000e-05
2026-05-25 11:44:59 | INFO | epoch=3 step=812/2224 global_step=5260 loss=0.323623 gld=0.229498 lld=0.028523 ggd=0.093840 lr=1.000000e-05
2026-05-25 11:45:25 | INFO | epoch=3 step=832/2224 global_step=5280 loss=0.317008 gld=0.219432 lld=0.027980 ggd=0.097296 lr=1.000000e-05
2026-05-25 11:45:52 | INFO | epoch=3 step=852/2224 global_step=5300 loss=0.363783 gld=0.255955 lld=0.027919 ggd=0.107548 lr=1.000000e-05
2026-05-25 11:46:18 | INFO | epoch=3 step=872/2224 global_step=5320 loss=0.323809 gld=0.228435 lld=0.027603 ggd=0.095098 lr=1.000000e-05
2026-05-25 11:46:44 | INFO | epoch=3 step=892/2224 global_step=5340 loss=0.326348 gld=0.231505 lld=0.028019 ggd=0.094563 lr=1.000000e-05
2026-05-25 11:47:10 | INFO | epoch=3 step=912/2224 global_step=5360 loss=0.329950 gld=0.234254 lld=0.026862 ggd=0.095428 lr=1.000000e-05
2026-05-25 11:47:36 | INFO | epoch=3 step=932/2224 global_step=5380 loss=0.340111 gld=0.241168 lld=0.027895 ggd=0.098663 lr=1.000000e-05
2026-05-25 11:48:02 | INFO | epoch=3 step=952/2224 global_step=5400 loss=0.346194 gld=0.246769 lld=0.027574 ggd=0.099150 lr=1.000000e-05
2026-05-25 11:48:29 | INFO | epoch=3 step=972/2224 global_step=5420 loss=0.364213 gld=0.258942 lld=0.028480 ggd=0.104986 lr=1.000000e-05
2026-05-25 11:48:55 | INFO | epoch=3 step=992/2224 global_step=5440 loss=0.299094 gld=0.213459 lld=0.027707 ggd=0.085357 lr=1.000000e-05
2026-05-25 11:49:21 | INFO | epoch=3 step=1012/2224 global_step=5460 loss=0.324921 gld=0.228617 lld=0.027934 ggd=0.096024 lr=1.000000e-05
2026-05-25 11:49:47 | INFO | epoch=3 step=1032/2224 global_step=5480 loss=0.325136 gld=0.229524 lld=0.026934 ggd=0.095343 lr=1.000000e-05
2026-05-25 11:50:13 | INFO | epoch=3 step=1052/2224 global_step=5500 loss=0.338384 gld=0.238050 lld=0.028570 ggd=0.100048 lr=1.000000e-05
2026-05-25 11:50:40 | INFO | epoch=3 step=1072/2224 global_step=5520 loss=0.344087 gld=0.238256 lld=0.028597 ggd=0.105545 lr=1.000000e-05
2026-05-25 11:51:06 | INFO | epoch=3 step=1092/2224 global_step=5540 loss=0.344258 gld=0.239920 lld=0.027598 ggd=0.104062 lr=1.000000e-05
2026-05-25 11:51:32 | INFO | epoch=3 step=1112/2224 global_step=5560 loss=0.315479 gld=0.216137 lld=0.027262 ggd=0.099069 lr=1.000000e-05
2026-05-25 11:51:59 | INFO | epoch=3 step=1132/2224 global_step=5580 loss=0.371422 gld=0.258337 lld=0.029941 ggd=0.112786 lr=1.000000e-05
2026-05-25 11:52:25 | INFO | epoch=3 step=1152/2224 global_step=5600 loss=0.273908 gld=0.191860 lld=0.027336 ggd=0.081775 lr=1.000000e-05
2026-05-25 11:52:51 | INFO | epoch=3 step=1172/2224 global_step=5620 loss=0.343133 gld=0.239929 lld=0.028425 ggd=0.102920 lr=1.000000e-05
2026-05-25 11:53:17 | INFO | epoch=3 step=1192/2224 global_step=5640 loss=0.367693 gld=0.257248 lld=0.029756 ggd=0.110148 lr=1.000000e-05
2026-05-25 11:53:43 | INFO | epoch=3 step=1212/2224 global_step=5660 loss=0.381429 gld=0.271349 lld=0.030643 ggd=0.109773 lr=1.000000e-05
2026-05-25 11:54:09 | INFO | epoch=3 step=1232/2224 global_step=5680 loss=0.361523 gld=0.252538 lld=0.028646 ggd=0.108699 lr=1.000000e-05
2026-05-25 11:54:36 | INFO | epoch=3 step=1252/2224 global_step=5700 loss=0.334185 gld=0.234567 lld=0.027137 ggd=0.099347 lr=1.000000e-05
2026-05-25 11:55:02 | INFO | epoch=3 step=1272/2224 global_step=5720 loss=0.322812 gld=0.231002 lld=0.026266 ggd=0.091547 lr=1.000000e-05
2026-05-25 11:55:28 | INFO | epoch=3 step=1292/2224 global_step=5740 loss=0.308058 gld=0.219214 lld=0.027584 ggd=0.088568 lr=1.000000e-05
2026-05-25 11:55:55 | INFO | epoch=3 step=1312/2224 global_step=5760 loss=0.322024 gld=0.227794 lld=0.028603 ggd=0.093944 lr=1.000000e-05
2026-05-25 11:56:21 | INFO | epoch=3 step=1332/2224 global_step=5780 loss=0.344980 gld=0.239891 lld=0.026940 ggd=0.104820 lr=1.000000e-05
2026-05-25 11:56:47 | INFO | epoch=3 step=1352/2224 global_step=5800 loss=0.338965 gld=0.241712 lld=0.028018 ggd=0.096973 lr=1.000000e-05
2026-05-25 11:57:13 | INFO | epoch=3 step=1372/2224 global_step=5820 loss=0.338758 gld=0.238441 lld=0.028788 ggd=0.100030 lr=1.000000e-05
2026-05-25 11:57:39 | INFO | epoch=3 step=1392/2224 global_step=5840 loss=0.315027 gld=0.224070 lld=0.027612 ggd=0.090680 lr=1.000000e-05
2026-05-25 11:58:06 | INFO | epoch=3 step=1412/2224 global_step=5860 loss=0.311300 gld=0.219612 lld=0.028681 ggd=0.091401 lr=1.000000e-05
2026-05-25 11:58:32 | INFO | epoch=3 step=1432/2224 global_step=5880 loss=0.324920 gld=0.226394 lld=0.028961 ggd=0.098236 lr=1.000000e-05
2026-05-25 11:58:58 | INFO | epoch=3 step=1452/2224 global_step=5900 loss=0.341294 gld=0.237684 lld=0.028122 ggd=0.103329 lr=1.000000e-05
2026-05-25 11:59:24 | INFO | epoch=3 step=1472/2224 global_step=5920 loss=0.329727 gld=0.230785 lld=0.027001 ggd=0.098673 lr=1.000000e-05
2026-05-25 11:59:50 | INFO | epoch=3 step=1492/2224 global_step=5940 loss=0.305989 gld=0.215927 lld=0.027239 ggd=0.089790 lr=1.000000e-05
2026-05-25 12:00:16 | INFO | epoch=3 step=1512/2224 global_step=5960 loss=0.338243 gld=0.236812 lld=0.026288 ggd=0.101169 lr=1.000000e-05
2026-05-25 12:00:43 | INFO | epoch=3 step=1532/2224 global_step=5980 loss=0.319389 gld=0.225017 lld=0.026471 ggd=0.094108 lr=1.000000e-05
2026-05-25 12:01:09 | INFO | epoch=3 step=1552/2224 global_step=6000 loss=0.304586 gld=0.212349 lld=0.027374 ggd=0.091963 lr=1.000000e-05
2026-05-25 12:01:35 | INFO | epoch=3 step=1572/2224 global_step=6020 loss=0.341576 gld=0.238028 lld=0.028444 ggd=0.103264 lr=1.000000e-05
2026-05-25 12:02:02 | INFO | epoch=3 step=1592/2224 global_step=6040 loss=0.302037 gld=0.208875 lld=0.027543 ggd=0.092886 lr=1.000000e-05
2026-05-25 12:02:27 | INFO | epoch=3 step=1612/2224 global_step=6060 loss=0.334913 gld=0.237943 lld=0.027006 ggd=0.096700 lr=1.000000e-05
2026-05-25 12:02:53 | INFO | epoch=3 step=1632/2224 global_step=6080 loss=0.334618 gld=0.240845 lld=0.027550 ggd=0.093497 lr=1.000000e-05
2026-05-25 12:03:20 | INFO | epoch=3 step=1652/2224 global_step=6100 loss=0.333738 gld=0.230305 lld=0.026958 ggd=0.103163 lr=1.000000e-05
2026-05-25 12:03:46 | INFO | epoch=3 step=1672/2224 global_step=6120 loss=0.317228 gld=0.220732 lld=0.026680 ggd=0.096229 lr=1.000000e-05
2026-05-25 12:04:12 | INFO | epoch=3 step=1692/2224 global_step=6140 loss=0.344381 gld=0.242648 lld=0.028756 ggd=0.101446 lr=1.000000e-05
2026-05-25 12:04:39 | INFO | epoch=3 step=1712/2224 global_step=6160 loss=0.320393 gld=0.228952 lld=0.028001 ggd=0.091161 lr=1.000000e-05
2026-05-25 12:05:05 | INFO | epoch=3 step=1732/2224 global_step=6180 loss=0.316572 gld=0.224991 lld=0.026749 ggd=0.091314 lr=1.000000e-05
2026-05-25 12:05:30 | INFO | epoch=3 step=1752/2224 global_step=6200 loss=0.370586 gld=0.262317 lld=0.028481 ggd=0.107984 lr=1.000000e-05
2026-05-25 12:05:57 | INFO | epoch=3 step=1772/2224 global_step=6220 loss=0.348124 gld=0.245297 lld=0.029175 ggd=0.102535 lr=1.000000e-05
2026-05-25 12:06:23 | INFO | epoch=3 step=1792/2224 global_step=6240 loss=0.326702 gld=0.226646 lld=0.028174 ggd=0.099775 lr=1.000000e-05
2026-05-25 12:06:49 | INFO | epoch=3 step=1812/2224 global_step=6260 loss=0.304476 gld=0.218328 lld=0.028320 ggd=0.085864 lr=1.000000e-05
2026-05-25 12:07:16 | INFO | epoch=3 step=1832/2224 global_step=6280 loss=0.327376 gld=0.232337 lld=0.028649 ggd=0.094753 lr=1.000000e-05
2026-05-25 12:07:42 | INFO | epoch=3 step=1852/2224 global_step=6300 loss=0.340678 gld=0.239166 lld=0.028088 ggd=0.101232 lr=1.000000e-05
2026-05-25 12:08:07 | INFO | epoch=3 step=1872/2224 global_step=6320 loss=0.343761 gld=0.243519 lld=0.028271 ggd=0.099959 lr=1.000000e-05
2026-05-25 12:08:34 | INFO | epoch=3 step=1892/2224 global_step=6340 loss=0.332744 gld=0.227365 lld=0.026851 ggd=0.105110 lr=1.000000e-05
2026-05-25 12:09:00 | INFO | epoch=3 step=1912/2224 global_step=6360 loss=0.324780 gld=0.226687 lld=0.028636 ggd=0.097807 lr=1.000000e-05
2026-05-25 12:09:26 | INFO | epoch=3 step=1932/2224 global_step=6380 loss=0.316596 gld=0.224030 lld=0.027491 ggd=0.092292 lr=1.000000e-05
2026-05-25 12:09:52 | INFO | epoch=3 step=1952/2224 global_step=6400 loss=0.289753 gld=0.203936 lld=0.027886 ggd=0.085538 lr=1.000000e-05
2026-05-25 12:10:18 | INFO | epoch=3 step=1972/2224 global_step=6420 loss=0.319083 gld=0.222418 lld=0.029030 ggd=0.096374 lr=1.000000e-05
2026-05-25 12:10:44 | INFO | epoch=3 step=1992/2224 global_step=6440 loss=0.339671 gld=0.236651 lld=0.028512 ggd=0.102735 lr=1.000000e-05
2026-05-25 12:11:11 | INFO | epoch=3 step=2012/2224 global_step=6460 loss=0.347731 gld=0.242027 lld=0.027844 ggd=0.105425 lr=1.000000e-05
2026-05-25 12:11:37 | INFO | epoch=3 step=2032/2224 global_step=6480 loss=0.324146 gld=0.231572 lld=0.027666 ggd=0.092298 lr=1.000000e-05
2026-05-25 12:12:03 | INFO | epoch=3 step=2052/2224 global_step=6500 loss=0.318860 gld=0.219295 lld=0.027322 ggd=0.099292 lr=1.000000e-05
2026-05-25 12:12:29 | INFO | epoch=3 step=2072/2224 global_step=6520 loss=0.340519 gld=0.238054 lld=0.029261 ggd=0.102172 lr=1.000000e-05
2026-05-25 12:12:55 | INFO | epoch=3 step=2092/2224 global_step=6540 loss=0.309627 gld=0.217634 lld=0.027518 ggd=0.091718 lr=1.000000e-05
2026-05-25 12:13:21 | INFO | epoch=3 step=2112/2224 global_step=6560 loss=0.344489 gld=0.236937 lld=0.029072 ggd=0.107260 lr=1.000000e-05
2026-05-25 12:13:48 | INFO | epoch=3 step=2132/2224 global_step=6580 loss=0.313753 gld=0.219713 lld=0.028100 ggd=0.093758 lr=1.000000e-05
2026-05-25 12:14:14 | INFO | epoch=3 step=2152/2224 global_step=6600 loss=0.315000 gld=0.219887 lld=0.028191 ggd=0.094831 lr=1.000000e-05
2026-05-25 12:14:40 | INFO | epoch=3 step=2172/2224 global_step=6620 loss=0.315295 gld=0.224198 lld=0.027806 ggd=0.090819 lr=1.000000e-05
2026-05-25 12:15:06 | INFO | epoch=3 step=2192/2224 global_step=6640 loss=0.348705 gld=0.245818 lld=0.028882 ggd=0.102598 lr=1.000000e-05
2026-05-25 12:15:32 | INFO | epoch=3 step=2212/2224 global_step=6660 loss=0.280867 gld=0.196095 lld=0.026874 ggd=0.084503 lr=1.000000e-05
2026-05-25 12:15:48 | INFO | [Epoch 3] avg_loss=0.331154 avg_gld=0.233506 avg_lld=0.027800 avg_ggd=0.097370
2026-05-25 12:15:49 | INFO | Saved checkpoint: outputs/pretrain_bs36/atas_epoch_3.pt
2026-05-25 12:16:01 | INFO | epoch=4 step=8/2224 global_step=6680 loss=0.326862 gld=0.230973 lld=0.027241 ggd=0.095616 lr=1.000000e-05
2026-05-25 12:16:27 | INFO | epoch=4 step=28/2224 global_step=6700 loss=0.286023 gld=0.201203 lld=0.026440 ggd=0.084555 lr=1.000000e-05
2026-05-25 12:16:53 | INFO | epoch=4 step=48/2224 global_step=6720 loss=0.312416 gld=0.217452 lld=0.028236 ggd=0.094682 lr=1.000000e-05
2026-05-25 12:17:19 | INFO | epoch=4 step=68/2224 global_step=6740 loss=0.307924 gld=0.215036 lld=0.028674 ggd=0.092601 lr=1.000000e-05
2026-05-25 12:17:45 | INFO | epoch=4 step=88/2224 global_step=6760 loss=0.297299 gld=0.205889 lld=0.027557 ggd=0.091134 lr=1.000000e-05
2026-05-25 12:18:12 | INFO | epoch=4 step=108/2224 global_step=6780 loss=0.335346 gld=0.230641 lld=0.028498 ggd=0.104420 lr=1.000000e-05
2026-05-25 12:18:38 | INFO | epoch=4 step=128/2224 global_step=6800 loss=0.297226 gld=0.205404 lld=0.028123 ggd=0.091541 lr=1.000000e-05
2026-05-25 12:19:04 | INFO | epoch=4 step=148/2224 global_step=6820 loss=0.307094 gld=0.211123 lld=0.027940 ggd=0.095692 lr=1.000000e-05
2026-05-25 12:19:30 | INFO | epoch=4 step=168/2224 global_step=6840 loss=0.306564 gld=0.213065 lld=0.026992 ggd=0.093228 lr=1.000000e-05
2026-05-25 12:19:56 | INFO | epoch=4 step=188/2224 global_step=6860 loss=0.308912 gld=0.218965 lld=0.026632 ggd=0.089680 lr=1.000000e-05
2026-05-25 12:20:23 | INFO | epoch=4 step=208/2224 global_step=6880 loss=0.311926 gld=0.218758 lld=0.027171 ggd=0.092896 lr=1.000000e-05
2026-05-25 12:20:49 | INFO | epoch=4 step=228/2224 global_step=6900 loss=0.307394 gld=0.212045 lld=0.028317 ggd=0.095066 lr=1.000000e-05
2026-05-25 12:21:15 | INFO | epoch=4 step=248/2224 global_step=6920 loss=0.311663 gld=0.216831 lld=0.027783 ggd=0.094554 lr=1.000000e-05
2026-05-25 12:21:42 | INFO | epoch=4 step=268/2224 global_step=6940 loss=0.347667 gld=0.238898 lld=0.027855 ggd=0.108491 lr=1.000000e-05
2026-05-25 12:22:08 | INFO | epoch=4 step=288/2224 global_step=6960 loss=0.374405 gld=0.266677 lld=0.029049 ggd=0.107438 lr=1.000000e-05
2026-05-25 12:22:34 | INFO | epoch=4 step=308/2224 global_step=6980 loss=0.326625 gld=0.226691 lld=0.028529 ggd=0.099648 lr=1.000000e-05
2026-05-25 12:23:00 | INFO | epoch=4 step=328/2224 global_step=7000 loss=0.352037 gld=0.244043 lld=0.028624 ggd=0.107707 lr=1.000000e-05
2026-05-25 12:23:26 | INFO | epoch=4 step=348/2224 global_step=7020 loss=0.301987 gld=0.209036 lld=0.027637 ggd=0.092675 lr=1.000000e-05
2026-05-25 12:23:52 | INFO | epoch=4 step=368/2224 global_step=7040 loss=0.329828 gld=0.230003 lld=0.027079 ggd=0.099554 lr=1.000000e-05
2026-05-25 12:24:19 | INFO | epoch=4 step=388/2224 global_step=7060 loss=0.335881 gld=0.231843 lld=0.027919 ggd=0.103759 lr=1.000000e-05
2026-05-25 12:24:45 | INFO | epoch=4 step=408/2224 global_step=7080 loss=0.352780 gld=0.244923 lld=0.028939 ggd=0.107568 lr=1.000000e-05
2026-05-25 12:25:11 | INFO | epoch=4 step=428/2224 global_step=7100 loss=0.313335 gld=0.219229 lld=0.029086 ggd=0.093815 lr=1.000000e-05
2026-05-25 12:25:38 | INFO | epoch=4 step=448/2224 global_step=7120 loss=0.311709 gld=0.217332 lld=0.027229 ggd=0.094105 lr=1.000000e-05
2026-05-25 12:26:03 | INFO | epoch=4 step=468/2224 global_step=7140 loss=0.314900 gld=0.219137 lld=0.027611 ggd=0.095486 lr=1.000000e-05
2026-05-25 12:26:30 | INFO | epoch=4 step=488/2224 global_step=7160 loss=0.301574 gld=0.205077 lld=0.027382 ggd=0.096224 lr=1.000000e-05
2026-05-25 12:26:56 | INFO | epoch=4 step=508/2224 global_step=7180 loss=0.308890 gld=0.210957 lld=0.027440 ggd=0.097658 lr=1.000000e-05
2026-05-25 12:27:22 | INFO | epoch=4 step=528/2224 global_step=7200 loss=0.297896 gld=0.205710 lld=0.029278 ggd=0.091894 lr=1.000000e-05
2026-05-25 12:27:48 | INFO | epoch=4 step=548/2224 global_step=7220 loss=0.284267 gld=0.195146 lld=0.026542 ggd=0.088855 lr=1.000000e-05
2026-05-25 12:28:14 | INFO | epoch=4 step=568/2224 global_step=7240 loss=0.347241 gld=0.237494 lld=0.027863 ggd=0.109468 lr=1.000000e-05
2026-05-25 12:28:40 | INFO | epoch=4 step=588/2224 global_step=7260 loss=0.326611 gld=0.219552 lld=0.027458 ggd=0.106785 lr=1.000000e-05
2026-05-25 12:29:06 | INFO | epoch=4 step=608/2224 global_step=7280 loss=0.309582 gld=0.220392 lld=0.027484 ggd=0.088916 lr=1.000000e-05
2026-05-25 12:29:33 | INFO | epoch=4 step=628/2224 global_step=7300 loss=0.327861 gld=0.228495 lld=0.028871 ggd=0.099077 lr=1.000000e-05
2026-05-25 12:29:59 | INFO | epoch=4 step=648/2224 global_step=7320 loss=0.321917 gld=0.222179 lld=0.028292 ggd=0.099455 lr=1.000000e-05
2026-05-25 12:30:25 | INFO | epoch=4 step=668/2224 global_step=7340 loss=0.309892 gld=0.217270 lld=0.027112 ggd=0.092351 lr=1.000000e-05
2026-05-25 12:30:51 | INFO | epoch=4 step=688/2224 global_step=7360 loss=0.342050 gld=0.240645 lld=0.028966 ggd=0.101115 lr=1.000000e-05
2026-05-25 12:31:16 | INFO | epoch=4 step=708/2224 global_step=7380 loss=0.321917 gld=0.224328 lld=0.028711 ggd=0.097301 lr=1.000000e-05
2026-05-25 12:31:42 | INFO | epoch=4 step=728/2224 global_step=7400 loss=0.316962 gld=0.216647 lld=0.029788 ggd=0.100017 lr=1.000000e-05
2026-05-25 12:32:08 | INFO | epoch=4 step=748/2224 global_step=7420 loss=0.319170 gld=0.219515 lld=0.029506 ggd=0.099360 lr=1.000000e-05
2026-05-25 12:32:34 | INFO | epoch=4 step=768/2224 global_step=7440 loss=0.304454 gld=0.211331 lld=0.028197 ggd=0.092841 lr=1.000000e-05
2026-05-25 12:33:01 | INFO | epoch=4 step=788/2224 global_step=7460 loss=0.323819 gld=0.220932 lld=0.028564 ggd=0.102601 lr=1.000000e-05
2026-05-25 12:33:26 | INFO | epoch=4 step=808/2224 global_step=7480 loss=0.291418 gld=0.200089 lld=0.027402 ggd=0.091056 lr=1.000000e-05
2026-05-25 12:33:53 | INFO | epoch=4 step=828/2224 global_step=7500 loss=0.308826 gld=0.215854 lld=0.028242 ggd=0.092690 lr=1.000000e-05
2026-05-25 12:34:19 | INFO | epoch=4 step=848/2224 global_step=7520 loss=0.373641 gld=0.265223 lld=0.027927 ggd=0.108139 lr=1.000000e-05
2026-05-25 12:34:45 | INFO | epoch=4 step=868/2224 global_step=7540 loss=0.334321 gld=0.231100 lld=0.029211 ggd=0.102928 lr=1.000000e-05
2026-05-25 12:35:11 | INFO | epoch=4 step=888/2224 global_step=7560 loss=0.338218 gld=0.234312 lld=0.028584 ggd=0.103620 lr=1.000000e-05
2026-05-25 12:35:37 | INFO | epoch=4 step=908/2224 global_step=7580 loss=0.324634 gld=0.221800 lld=0.028575 ggd=0.102547 lr=1.000000e-05
2026-05-25 12:36:03 | INFO | epoch=4 step=928/2224 global_step=7600 loss=0.310243 gld=0.212579 lld=0.028493 ggd=0.097380 lr=1.000000e-05
2026-05-25 12:36:29 | INFO | epoch=4 step=948/2224 global_step=7620 loss=0.344242 gld=0.238501 lld=0.028459 ggd=0.105456 lr=1.000000e-05
2026-05-25 12:36:56 | INFO | epoch=4 step=968/2224 global_step=7640 loss=0.304853 gld=0.217746 lld=0.027898 ggd=0.086828 lr=1.000000e-05
2026-05-25 12:37:22 | INFO | epoch=4 step=988/2224 global_step=7660 loss=0.303268 gld=0.213480 lld=0.028527 ggd=0.089503 lr=1.000000e-05
2026-05-25 12:37:48 | INFO | epoch=4 step=1008/2224 global_step=7680 loss=0.305795 gld=0.210094 lld=0.027903 ggd=0.095422 lr=1.000000e-05
2026-05-25 12:38:15 | INFO | epoch=4 step=1028/2224 global_step=7700 loss=0.328541 gld=0.224551 lld=0.027724 ggd=0.103712 lr=1.000000e-05
2026-05-25 12:38:41 | INFO | epoch=4 step=1048/2224 global_step=7720 loss=0.331465 gld=0.226177 lld=0.028213 ggd=0.105006 lr=1.000000e-05
2026-05-25 12:39:07 | INFO | epoch=4 step=1068/2224 global_step=7740 loss=0.326559 gld=0.224064 lld=0.028478 ggd=0.102210 lr=1.000000e-05
2026-05-25 12:39:33 | INFO | epoch=4 step=1088/2224 global_step=7760 loss=0.280868 gld=0.194505 lld=0.027680 ggd=0.086086 lr=1.000000e-05
2026-05-25 12:39:59 | INFO | epoch=4 step=1108/2224 global_step=7780 loss=0.307893 gld=0.211318 lld=0.027690 ggd=0.096298 lr=1.000000e-05
2026-05-25 12:40:26 | INFO | epoch=4 step=1128/2224 global_step=7800 loss=0.314260 gld=0.216854 lld=0.028185 ggd=0.097124 lr=1.000000e-05
2026-05-25 12:40:52 | INFO | epoch=4 step=1148/2224 global_step=7820 loss=0.320794 gld=0.222275 lld=0.028490 ggd=0.098235 lr=1.000000e-05
2026-05-25 12:41:18 | INFO | epoch=4 step=1168/2224 global_step=7840 loss=0.295986 gld=0.208580 lld=0.027648 ggd=0.087129 lr=1.000000e-05
2026-05-25 12:41:45 | INFO | epoch=4 step=1188/2224 global_step=7860 loss=0.321978 gld=0.221141 lld=0.028703 ggd=0.100550 lr=1.000000e-05
2026-05-25 12:42:11 | INFO | epoch=4 step=1208/2224 global_step=7880 loss=0.313535 gld=0.213306 lld=0.028737 ggd=0.099942 lr=1.000000e-05
2026-05-25 12:42:37 | INFO | epoch=4 step=1228/2224 global_step=7900 loss=0.315694 gld=0.214409 lld=0.027841 ggd=0.101007 lr=1.000000e-05
2026-05-25 12:43:03 | INFO | epoch=4 step=1248/2224 global_step=7920 loss=0.327348 gld=0.228551 lld=0.028130 ggd=0.098515 lr=1.000000e-05
2026-05-25 12:43:29 | INFO | epoch=4 step=1268/2224 global_step=7940 loss=0.347037 gld=0.239094 lld=0.029137 ggd=0.107652 lr=1.000000e-05
2026-05-25 12:43:55 | INFO | epoch=4 step=1288/2224 global_step=7960 loss=0.323731 gld=0.221040 lld=0.030261 ggd=0.102389 lr=1.000000e-05
2026-05-25 12:44:21 | INFO | epoch=4 step=1308/2224 global_step=7980 loss=0.298749 gld=0.206350 lld=0.028424 ggd=0.092115 lr=1.000000e-05
2026-05-25 12:44:47 | INFO | epoch=4 step=1328/2224 global_step=8000 loss=0.340518 gld=0.230498 lld=0.027248 ggd=0.109747 lr=1.000000e-05
2026-05-25 12:45:14 | INFO | epoch=4 step=1348/2224 global_step=8020 loss=0.324376 gld=0.224793 lld=0.028197 ggd=0.099301 lr=1.000000e-05
2026-05-25 12:45:40 | INFO | epoch=4 step=1368/2224 global_step=8040 loss=0.322805 gld=0.226119 lld=0.026838 ggd=0.096418 lr=1.000000e-05
2026-05-25 12:46:06 | INFO | epoch=4 step=1388/2224 global_step=8060 loss=0.298433 gld=0.204766 lld=0.027681 ggd=0.093390 lr=1.000000e-05
2026-05-25 12:46:33 | INFO | epoch=4 step=1408/2224 global_step=8080 loss=0.286281 gld=0.198336 lld=0.028025 ggd=0.087665 lr=1.000000e-05
2026-05-25 12:46:59 | INFO | epoch=4 step=1428/2224 global_step=8100 loss=0.349949 gld=0.239411 lld=0.027888 ggd=0.110259 lr=1.000000e-05
2026-05-25 12:47:25 | INFO | epoch=4 step=1448/2224 global_step=8120 loss=0.323788 gld=0.221189 lld=0.029084 ggd=0.102308 lr=1.000000e-05
2026-05-25 12:47:52 | INFO | epoch=4 step=1468/2224 global_step=8140 loss=0.308086 gld=0.211151 lld=0.027914 ggd=0.096655 lr=1.000000e-05
2026-05-25 12:48:18 | INFO | epoch=4 step=1488/2224 global_step=8160 loss=0.301976 gld=0.206230 lld=0.028413 ggd=0.095462 lr=1.000000e-05
2026-05-25 12:48:44 | INFO | epoch=4 step=1508/2224 global_step=8180 loss=0.302509 gld=0.205432 lld=0.029102 ggd=0.096786 lr=1.000000e-05
2026-05-25 12:49:10 | INFO | epoch=4 step=1528/2224 global_step=8200 loss=0.295664 gld=0.203764 lld=0.028205 ggd=0.091617 lr=1.000000e-05
2026-05-25 12:49:36 | INFO | epoch=4 step=1548/2224 global_step=8220 loss=0.339646 gld=0.236215 lld=0.028978 ggd=0.103142 lr=1.000000e-05
2026-05-25 12:50:03 | INFO | epoch=4 step=1568/2224 global_step=8240 loss=0.371353 gld=0.260444 lld=0.029804 ggd=0.110611 lr=1.000000e-05
2026-05-25 12:50:29 | INFO | epoch=4 step=1588/2224 global_step=8260 loss=0.301532 gld=0.209812 lld=0.029085 ggd=0.091429 lr=1.000000e-05
2026-05-25 12:50:55 | INFO | epoch=4 step=1608/2224 global_step=8280 loss=0.291899 gld=0.203609 lld=0.027813 ggd=0.088012 lr=1.000000e-05
2026-05-25 12:51:21 | INFO | epoch=4 step=1628/2224 global_step=8300 loss=0.339028 gld=0.233707 lld=0.028671 ggd=0.105034 lr=1.000000e-05
2026-05-25 12:51:48 | INFO | epoch=4 step=1648/2224 global_step=8320 loss=0.354706 gld=0.247855 lld=0.028974 ggd=0.106562 lr=1.000000e-05
2026-05-25 12:52:14 | INFO | epoch=4 step=1668/2224 global_step=8340 loss=0.278847 gld=0.188023 lld=0.028583 ggd=0.090539 lr=1.000000e-05
2026-05-25 12:52:40 | INFO | epoch=4 step=1688/2224 global_step=8360 loss=0.343750 gld=0.240574 lld=0.029698 ggd=0.102879 lr=1.000000e-05
2026-05-25 12:53:06 | INFO | epoch=4 step=1708/2224 global_step=8380 loss=0.326861 gld=0.227813 lld=0.027823 ggd=0.098770 lr=1.000000e-05
2026-05-25 12:53:32 | INFO | epoch=4 step=1728/2224 global_step=8400 loss=0.307296 gld=0.209419 lld=0.028711 ggd=0.097590 lr=1.000000e-05
2026-05-25 12:53:59 | INFO | epoch=4 step=1748/2224 global_step=8420 loss=0.294550 gld=0.202740 lld=0.027559 ggd=0.091535 lr=1.000000e-05
2026-05-25 12:54:25 | INFO | epoch=4 step=1768/2224 global_step=8440 loss=0.331344 gld=0.231493 lld=0.028256 ggd=0.099568 lr=1.000000e-05
2026-05-25 12:54:51 | INFO | epoch=4 step=1788/2224 global_step=8460 loss=0.306919 gld=0.210026 lld=0.028563 ggd=0.096608 lr=1.000000e-05
2026-05-25 12:55:18 | INFO | epoch=4 step=1808/2224 global_step=8480 loss=0.331284 gld=0.228612 lld=0.028861 ggd=0.102383 lr=1.000000e-05
2026-05-25 12:55:43 | INFO | epoch=4 step=1828/2224 global_step=8500 loss=0.297866 gld=0.211448 lld=0.027913 ggd=0.086138 lr=1.000000e-05
2026-05-25 12:56:09 | INFO | epoch=4 step=1848/2224 global_step=8520 loss=0.353041 gld=0.243220 lld=0.028359 ggd=0.109538 lr=1.000000e-05
2026-05-25 12:56:36 | INFO | epoch=4 step=1868/2224 global_step=8540 loss=0.321403 gld=0.221440 lld=0.029245 ggd=0.099670 lr=1.000000e-05
2026-05-25 12:57:02 | INFO | epoch=4 step=1888/2224 global_step=8560 loss=0.325305 gld=0.226034 lld=0.028588 ggd=0.098985 lr=1.000000e-05
2026-05-25 12:57:28 | INFO | epoch=4 step=1908/2224 global_step=8580 loss=0.332406 gld=0.225658 lld=0.028504 ggd=0.106463 lr=1.000000e-05
2026-05-25 12:57:55 | INFO | epoch=4 step=1928/2224 global_step=8600 loss=0.289195 gld=0.196753 lld=0.027494 ggd=0.092167 lr=1.000000e-05
2026-05-25 12:58:21 | INFO | epoch=4 step=1948/2224 global_step=8620 loss=0.302908 gld=0.206793 lld=0.028467 ggd=0.095830 lr=1.000000e-05
2026-05-25 12:58:47 | INFO | epoch=4 step=1968/2224 global_step=8640 loss=0.305945 gld=0.210298 lld=0.028486 ggd=0.095362 lr=1.000000e-05
2026-05-25 12:59:13 | INFO | epoch=4 step=1988/2224 global_step=8660 loss=0.313339 gld=0.216254 lld=0.028339 ggd=0.096802 lr=1.000000e-05
2026-05-25 12:59:39 | INFO | epoch=4 step=2008/2224 global_step=8680 loss=0.276835 gld=0.192339 lld=0.028176 ggd=0.084214 lr=1.000000e-05
2026-05-25 13:00:05 | INFO | epoch=4 step=2028/2224 global_step=8700 loss=0.301226 gld=0.208239 lld=0.027650 ggd=0.092711 lr=1.000000e-05
2026-05-25 13:00:32 | INFO | epoch=4 step=2048/2224 global_step=8720 loss=0.339650 gld=0.229764 lld=0.029184 ggd=0.109594 lr=1.000000e-05
2026-05-25 13:00:57 | INFO | epoch=4 step=2068/2224 global_step=8740 loss=0.327015 gld=0.224751 lld=0.029849 ggd=0.101965 lr=1.000000e-05
2026-05-25 13:01:23 | INFO | epoch=4 step=2088/2224 global_step=8760 loss=0.321254 gld=0.222770 lld=0.027976 ggd=0.098205 lr=1.000000e-05
2026-05-25 13:01:50 | INFO | epoch=4 step=2108/2224 global_step=8780 loss=0.325095 gld=0.223326 lld=0.029323 ggd=0.101476 lr=1.000000e-05
2026-05-25 13:02:16 | INFO | epoch=4 step=2128/2224 global_step=8800 loss=0.373619 gld=0.252478 lld=0.029325 ggd=0.120848 lr=1.000000e-05
2026-05-25 13:02:42 | INFO | epoch=4 step=2148/2224 global_step=8820 loss=0.293209 gld=0.205166 lld=0.028082 ggd=0.087762 lr=1.000000e-05
2026-05-25 13:03:09 | INFO | epoch=4 step=2168/2224 global_step=8840 loss=0.293557 gld=0.201812 lld=0.027604 ggd=0.091469 lr=1.000000e-05
2026-05-25 13:03:34 | INFO | epoch=4 step=2188/2224 global_step=8860 loss=0.318801 gld=0.221104 lld=0.028955 ggd=0.097407 lr=1.000000e-05
2026-05-25 13:04:01 | INFO | epoch=4 step=2208/2224 global_step=8880 loss=0.339604 gld=0.239472 lld=0.028597 ggd=0.099846 lr=1.000000e-05
2026-05-25 13:04:22 | INFO | [Epoch 4] avg_loss=0.317733 avg_gld=0.219863 avg_lld=0.028336 avg_ggd=0.097586
2026-05-25 13:04:23 | INFO | Saved checkpoint: outputs/pretrain_bs36/atas_epoch_4.pt
2026-05-25 13:04:29 | INFO | epoch=5 step=4/2224 global_step=8900 loss=0.316406 gld=0.219599 lld=0.027424 ggd=0.096532 lr=1.000000e-05
2026-05-25 13:04:56 | INFO | epoch=5 step=24/2224 global_step=8920 loss=0.286163 gld=0.195439 lld=0.027980 ggd=0.090444 lr=1.000000e-05
2026-05-25 13:05:22 | INFO | epoch=5 step=44/2224 global_step=8940 loss=0.285268 gld=0.196888 lld=0.027465 ggd=0.088106 lr=1.000000e-05
2026-05-25 13:05:48 | INFO | epoch=5 step=64/2224 global_step=8960 loss=0.302007 gld=0.203049 lld=0.028723 ggd=0.098671 lr=1.000000e-05
2026-05-25 13:06:14 | INFO | epoch=5 step=84/2224 global_step=8980 loss=0.333212 gld=0.227397 lld=0.028106 ggd=0.105533 lr=1.000000e-05
2026-05-25 13:06:41 | INFO | epoch=5 step=104/2224 global_step=9000 loss=0.329672 gld=0.226583 lld=0.028659 ggd=0.102803 lr=1.000000e-05
2026-05-25 13:07:07 | INFO | epoch=5 step=124/2224 global_step=9020 loss=0.332728 gld=0.233014 lld=0.028999 ggd=0.099424 lr=1.000000e-05
2026-05-25 13:07:33 | INFO | epoch=5 step=144/2224 global_step=9040 loss=0.294793 gld=0.199379 lld=0.028198 ggd=0.095132 lr=1.000000e-05
2026-05-25 13:07:59 | INFO | epoch=5 step=164/2224 global_step=9060 loss=0.305359 gld=0.211606 lld=0.028295 ggd=0.093470 lr=1.000000e-05
2026-05-25 13:08:25 | INFO | epoch=5 step=184/2224 global_step=9080 loss=0.301503 gld=0.205607 lld=0.029404 ggd=0.095602 lr=1.000000e-05
2026-05-25 13:08:51 | INFO | epoch=5 step=204/2224 global_step=9100 loss=0.320780 gld=0.220542 lld=0.029132 ggd=0.099947 lr=1.000000e-05
2026-05-25 13:09:18 | INFO | epoch=5 step=224/2224 global_step=9120 loss=0.332241 gld=0.226834 lld=0.028312 ggd=0.105124 lr=1.000000e-05
2026-05-25 13:09:43 | INFO | epoch=5 step=244/2224 global_step=9140 loss=0.288634 gld=0.197116 lld=0.028522 ggd=0.091233 lr=1.000000e-05
2026-05-25 13:10:10 | INFO | epoch=5 step=264/2224 global_step=9160 loss=0.302889 gld=0.204545 lld=0.028656 ggd=0.098058 lr=1.000000e-05
2026-05-25 13:10:36 | INFO | epoch=5 step=284/2224 global_step=9180 loss=0.317017 gld=0.218070 lld=0.029357 ggd=0.098654 lr=1.000000e-05
2026-05-25 13:11:02 | INFO | epoch=5 step=304/2224 global_step=9200 loss=0.304536 gld=0.211539 lld=0.028067 ggd=0.092716 lr=1.000000e-05
2026-05-25 13:11:28 | INFO | epoch=5 step=324/2224 global_step=9220 loss=0.327254 gld=0.224218 lld=0.028441 ggd=0.102751 lr=1.000000e-05
2026-05-25 13:11:55 | INFO | epoch=5 step=344/2224 global_step=9240 loss=0.319189 gld=0.219632 lld=0.028876 ggd=0.099268 lr=1.000000e-05
2026-05-25 13:12:21 | INFO | epoch=5 step=364/2224 global_step=9260 loss=0.302548 gld=0.209571 lld=0.027640 ggd=0.092701 lr=1.000000e-05
2026-05-25 13:12:47 | INFO | epoch=5 step=384/2224 global_step=9280 loss=0.273496 gld=0.188157 lld=0.028909 ggd=0.085050 lr=1.000000e-05
2026-05-25 13:13:13 | INFO | epoch=5 step=404/2224 global_step=9300 loss=0.312909 gld=0.215620 lld=0.030182 ggd=0.096987 lr=1.000000e-05
2026-05-25 13:13:39 | INFO | epoch=5 step=424/2224 global_step=9320 loss=0.300942 gld=0.209111 lld=0.029022 ggd=0.091540 lr=1.000000e-05
2026-05-25 13:14:05 | INFO | epoch=5 step=444/2224 global_step=9340 loss=0.290609 gld=0.199528 lld=0.027856 ggd=0.090803 lr=1.000000e-05
2026-05-25 13:14:32 | INFO | epoch=5 step=464/2224 global_step=9360 loss=0.329848 gld=0.224449 lld=0.028914 ggd=0.105109 lr=1.000000e-05
2026-05-25 13:14:58 | INFO | epoch=5 step=484/2224 global_step=9380 loss=0.308315 gld=0.210353 lld=0.029289 ggd=0.097670 lr=1.000000e-05
2026-05-25 13:15:24 | INFO | epoch=5 step=504/2224 global_step=9400 loss=0.282529 gld=0.192840 lld=0.028547 ggd=0.089403 lr=1.000000e-05
2026-05-25 13:15:51 | INFO | epoch=5 step=524/2224 global_step=9420 loss=0.346087 gld=0.240586 lld=0.029262 ggd=0.105208 lr=1.000000e-05
2026-05-25 13:16:16 | INFO | epoch=5 step=544/2224 global_step=9440 loss=0.298610 gld=0.205439 lld=0.030190 ggd=0.092869 lr=1.000000e-05
2026-05-25 13:16:43 | INFO | epoch=5 step=564/2224 global_step=9460 loss=0.327574 gld=0.223545 lld=0.028906 ggd=0.103740 lr=1.000000e-05
2026-05-25 13:17:09 | INFO | epoch=5 step=584/2224 global_step=9480 loss=0.307849 gld=0.208689 lld=0.028903 ggd=0.098871 lr=1.000000e-05
2026-05-25 13:17:35 | INFO | epoch=5 step=604/2224 global_step=9500 loss=0.291121 gld=0.196025 lld=0.027338 ggd=0.094823 lr=1.000000e-05
2026-05-25 13:18:02 | INFO | epoch=5 step=624/2224 global_step=9520 loss=0.299693 gld=0.205371 lld=0.028449 ggd=0.094038 lr=1.000000e-05
2026-05-25 13:18:28 | INFO | epoch=5 step=644/2224 global_step=9540 loss=0.289892 gld=0.202396 lld=0.027858 ggd=0.087217 lr=1.000000e-05
2026-05-25 13:18:54 | INFO | epoch=5 step=664/2224 global_step=9560 loss=0.291585 gld=0.198360 lld=0.028106 ggd=0.092944 lr=1.000000e-05
2026-05-25 13:19:20 | INFO | epoch=5 step=684/2224 global_step=9580 loss=0.309933 gld=0.212692 lld=0.028694 ggd=0.096954 lr=1.000000e-05
2026-05-25 13:19:46 | INFO | epoch=5 step=704/2224 global_step=9600 loss=0.317183 gld=0.216093 lld=0.028833 ggd=0.100802 lr=1.000000e-05
2026-05-25 13:20:12 | INFO | epoch=5 step=724/2224 global_step=9620 loss=0.334392 gld=0.231324 lld=0.029243 ggd=0.102776 lr=1.000000e-05
2026-05-25 13:20:39 | INFO | epoch=5 step=744/2224 global_step=9640 loss=0.325519 gld=0.221439 lld=0.027513 ggd=0.103804 lr=1.000000e-05
2026-05-25 13:21:05 | INFO | epoch=5 step=764/2224 global_step=9660 loss=0.321806 gld=0.218945 lld=0.029230 ggd=0.102569 lr=1.000000e-05
2026-05-25 13:21:31 | INFO | epoch=5 step=784/2224 global_step=9680 loss=0.311488 gld=0.212133 lld=0.028339 ggd=0.099072 lr=1.000000e-05
2026-05-25 13:21:57 | INFO | epoch=5 step=804/2224 global_step=9700 loss=0.296848 gld=0.198642 lld=0.029105 ggd=0.097916 lr=1.000000e-05
2026-05-25 13:22:23 | INFO | epoch=5 step=824/2224 global_step=9720 loss=0.285718 gld=0.194120 lld=0.028565 ggd=0.091312 lr=1.000000e-05
2026-05-25 13:22:49 | INFO | epoch=5 step=844/2224 global_step=9740 loss=0.307884 gld=0.208982 lld=0.028573 ggd=0.098616 lr=1.000000e-05
2026-05-25 13:23:16 | INFO | epoch=5 step=864/2224 global_step=9760 loss=0.294010 gld=0.203617 lld=0.028681 ggd=0.090107 lr=1.000000e-05
2026-05-25 13:23:42 | INFO | epoch=5 step=884/2224 global_step=9780 loss=0.373726 gld=0.262435 lld=0.028737 ggd=0.111004 lr=1.000000e-05
2026-05-25 13:24:08 | INFO | epoch=5 step=904/2224 global_step=9800 loss=0.317831 gld=0.217970 lld=0.028405 ggd=0.099576 lr=1.000000e-05
2026-05-25 13:24:35 | INFO | epoch=5 step=924/2224 global_step=9820 loss=0.345976 gld=0.234922 lld=0.029158 ggd=0.110763 lr=1.000000e-05
2026-05-25 13:25:01 | INFO | epoch=5 step=944/2224 global_step=9840 loss=0.290140 gld=0.198034 lld=0.029005 ggd=0.091816 lr=1.000000e-05
2026-05-25 13:25:27 | INFO | epoch=5 step=964/2224 global_step=9860 loss=0.308630 gld=0.208737 lld=0.027509 ggd=0.099618 lr=1.000000e-05
2026-05-25 13:25:54 | INFO | epoch=5 step=984/2224 global_step=9880 loss=0.277275 gld=0.188588 lld=0.028258 ggd=0.088405 lr=1.000000e-05
2026-05-25 13:26:20 | INFO | epoch=5 step=1004/2224 global_step=9900 loss=0.313156 gld=0.219311 lld=0.028262 ggd=0.093562 lr=1.000000e-05
2026-05-25 13:26:46 | INFO | epoch=5 step=1024/2224 global_step=9920 loss=0.327027 gld=0.227885 lld=0.028455 ggd=0.098857 lr=1.000000e-05
2026-05-25 13:27:11 | INFO | epoch=5 step=1044/2224 global_step=9940 loss=0.273004 gld=0.191353 lld=0.027674 ggd=0.081374 lr=1.000000e-05
2026-05-25 13:27:37 | INFO | epoch=5 step=1064/2224 global_step=9960 loss=0.339360 gld=0.233351 lld=0.029501 ggd=0.105714 lr=1.000000e-05
2026-05-25 13:28:04 | INFO | epoch=5 step=1084/2224 global_step=9980 loss=0.289506 gld=0.197513 lld=0.029517 ggd=0.091698 lr=1.000000e-05
2026-05-25 13:28:30 | INFO | epoch=5 step=1104/2224 global_step=10000 loss=0.315324 gld=0.212857 lld=0.029916 ggd=0.102169 lr=1.000000e-05
2026-05-25 13:28:56 | INFO | epoch=5 step=1124/2224 global_step=10020 loss=0.318849 gld=0.219836 lld=0.028533 ggd=0.098728 lr=1.000000e-05
2026-05-25 13:29:23 | INFO | epoch=5 step=1144/2224 global_step=10040 loss=0.296302 gld=0.200597 lld=0.028972 ggd=0.095416 lr=1.000000e-05
2026-05-25 13:29:49 | INFO | epoch=5 step=1164/2224 global_step=10060 loss=0.301393 gld=0.207900 lld=0.028530 ggd=0.093209 lr=1.000000e-05
2026-05-25 13:30:15 | INFO | epoch=5 step=1184/2224 global_step=10080 loss=0.303752 gld=0.208938 lld=0.029468 ggd=0.094519 lr=1.000000e-05
2026-05-25 13:30:41 | INFO | epoch=5 step=1204/2224 global_step=10100 loss=0.313032 gld=0.215512 lld=0.029398 ggd=0.097227 lr=1.000000e-05
2026-05-25 13:31:07 | INFO | epoch=5 step=1224/2224 global_step=10120 loss=0.316530 gld=0.214486 lld=0.028577 ggd=0.101759 lr=1.000000e-05
2026-05-25 13:31:34 | INFO | epoch=5 step=1244/2224 global_step=10140 loss=0.318694 gld=0.215366 lld=0.030043 ggd=0.103027 lr=1.000000e-05
2026-05-25 13:32:00 | INFO | epoch=5 step=1264/2224 global_step=10160 loss=0.287773 gld=0.199638 lld=0.028949 ggd=0.087845 lr=1.000000e-05
2026-05-25 13:32:26 | INFO | epoch=5 step=1284/2224 global_step=10180 loss=0.321375 gld=0.226850 lld=0.028945 ggd=0.094235 lr=1.000000e-05
2026-05-25 13:32:52 | INFO | epoch=5 step=1304/2224 global_step=10200 loss=0.279088 gld=0.193565 lld=0.028078 ggd=0.085243 lr=1.000000e-05
2026-05-25 13:33:18 | INFO | epoch=5 step=1324/2224 global_step=10220 loss=0.313940 gld=0.214680 lld=0.029352 ggd=0.098967 lr=1.000000e-05
2026-05-25 13:33:44 | INFO | epoch=5 step=1344/2224 global_step=10240 loss=0.337060 gld=0.230498 lld=0.028995 ggd=0.106273 lr=1.000000e-05
2026-05-25 13:34:11 | INFO | epoch=5 step=1364/2224 global_step=10260 loss=0.290320 gld=0.197264 lld=0.029720 ggd=0.092758 lr=1.000000e-05
2026-05-25 13:34:36 | INFO | epoch=5 step=1384/2224 global_step=10280 loss=0.289489 gld=0.195825 lld=0.028594 ggd=0.093377 lr=1.000000e-05
2026-05-25 13:35:03 | INFO | epoch=5 step=1404/2224 global_step=10300 loss=0.320386 gld=0.217972 lld=0.029584 ggd=0.102119 lr=1.000000e-05
2026-05-25 13:35:29 | INFO | epoch=5 step=1424/2224 global_step=10320 loss=0.297855 gld=0.204521 lld=0.029191 ggd=0.093043 lr=1.000000e-05
2026-05-25 13:35:55 | INFO | epoch=5 step=1444/2224 global_step=10340 loss=0.305594 gld=0.211912 lld=0.029617 ggd=0.093385 lr=1.000000e-05
2026-05-25 13:36:21 | INFO | epoch=5 step=1464/2224 global_step=10360 loss=0.297750 gld=0.203027 lld=0.029536 ggd=0.094427 lr=1.000000e-05
2026-05-25 13:36:48 | INFO | epoch=5 step=1484/2224 global_step=10380 loss=0.305417 gld=0.211079 lld=0.029098 ggd=0.094047 lr=1.000000e-05
2026-05-25 13:37:14 | INFO | epoch=5 step=1504/2224 global_step=10400 loss=0.302656 gld=0.207858 lld=0.028896 ggd=0.094509 lr=1.000000e-05
2026-05-25 13:37:40 | INFO | epoch=5 step=1524/2224 global_step=10420 loss=0.321752 gld=0.221041 lld=0.030690 ggd=0.100404 lr=1.000000e-05
2026-05-25 13:38:06 | INFO | epoch=5 step=1544/2224 global_step=10440 loss=0.286242 gld=0.200194 lld=0.028246 ggd=0.085765 lr=1.000000e-05
2026-05-25 13:38:33 | INFO | epoch=5 step=1564/2224 global_step=10460 loss=0.287517 gld=0.198125 lld=0.027457 ggd=0.089118 lr=1.000000e-05
2026-05-25 13:38:59 | INFO | epoch=5 step=1584/2224 global_step=10480 loss=0.296804 gld=0.200612 lld=0.029372 ggd=0.095899 lr=1.000000e-05
2026-05-25 13:39:25 | INFO | epoch=5 step=1604/2224 global_step=10500 loss=0.304823 gld=0.206969 lld=0.029420 ggd=0.097560 lr=1.000000e-05
2026-05-25 13:39:51 | INFO | epoch=5 step=1624/2224 global_step=10520 loss=0.295722 gld=0.201202 lld=0.028950 ggd=0.094230 lr=1.000000e-05
2026-05-25 13:40:18 | INFO | epoch=5 step=1644/2224 global_step=10540 loss=0.322314 gld=0.221923 lld=0.029371 ggd=0.100098 lr=1.000000e-05
2026-05-25 13:40:44 | INFO | epoch=5 step=1664/2224 global_step=10560 loss=0.284139 gld=0.192781 lld=0.028573 ggd=0.091073 lr=1.000000e-05
2026-05-25 13:41:10 | INFO | epoch=5 step=1684/2224 global_step=10580 loss=0.340186 gld=0.236808 lld=0.028609 ggd=0.103092 lr=1.000000e-05
2026-05-25 13:41:36 | INFO | epoch=5 step=1704/2224 global_step=10600 loss=0.305691 gld=0.210454 lld=0.029228 ggd=0.094945 lr=1.000000e-05
2026-05-25 13:42:02 | INFO | epoch=5 step=1724/2224 global_step=10620 loss=0.336134 gld=0.227953 lld=0.029685 ggd=0.107884 lr=1.000000e-05
2026-05-25 13:42:28 | INFO | epoch=5 step=1744/2224 global_step=10640 loss=0.293666 gld=0.199559 lld=0.027964 ggd=0.093827 lr=1.000000e-05
2026-05-25 13:42:55 | INFO | epoch=5 step=1764/2224 global_step=10660 loss=0.303423 gld=0.204121 lld=0.028943 ggd=0.099012 lr=1.000000e-05
2026-05-25 13:43:21 | INFO | epoch=5 step=1784/2224 global_step=10680 loss=0.302541 gld=0.205835 lld=0.029859 ggd=0.096407 lr=1.000000e-05
2026-05-25 13:43:47 | INFO | epoch=5 step=1804/2224 global_step=10700 loss=0.303542 gld=0.208255 lld=0.029814 ggd=0.094989 lr=1.000000e-05
2026-05-25 13:44:14 | INFO | epoch=5 step=1824/2224 global_step=10720 loss=0.326866 gld=0.221512 lld=0.029638 ggd=0.105057 lr=1.000000e-05
2026-05-25 13:44:39 | INFO | epoch=5 step=1844/2224 global_step=10740 loss=0.308382 gld=0.208965 lld=0.029079 ggd=0.099126 lr=1.000000e-05
2026-05-25 13:45:06 | INFO | epoch=5 step=1864/2224 global_step=10760 loss=0.314519 gld=0.211863 lld=0.029373 ggd=0.102362 lr=1.000000e-05
2026-05-25 13:45:32 | INFO | epoch=5 step=1884/2224 global_step=10780 loss=0.294400 gld=0.201259 lld=0.029211 ggd=0.092849 lr=1.000000e-05
2026-05-25 13:45:58 | INFO | epoch=5 step=1904/2224 global_step=10800 loss=0.292046 gld=0.199334 lld=0.028323 ggd=0.092429 lr=1.000000e-05
2026-05-25 13:46:24 | INFO | epoch=5 step=1924/2224 global_step=10820 loss=0.254521 gld=0.173738 lld=0.029015 ggd=0.080492 lr=1.000000e-05
2026-05-25 13:46:51 | INFO | epoch=5 step=1944/2224 global_step=10840 loss=0.307004 gld=0.207075 lld=0.030544 ggd=0.099624 lr=1.000000e-05
2026-05-25 13:47:17 | INFO | epoch=5 step=1964/2224 global_step=10860 loss=0.315437 gld=0.216422 lld=0.030143 ggd=0.098713 lr=1.000000e-05
2026-05-25 13:47:43 | INFO | epoch=5 step=1984/2224 global_step=10880 loss=0.295745 gld=0.199765 lld=0.029004 ggd=0.095691 lr=1.000000e-05
2026-05-25 13:48:09 | INFO | epoch=5 step=2004/2224 global_step=10900 loss=0.313953 gld=0.211559 lld=0.029647 ggd=0.102098 lr=1.000000e-05
2026-05-25 13:48:35 | INFO | epoch=5 step=2024/2224 global_step=10920 loss=0.291707 gld=0.194975 lld=0.030021 ggd=0.096432 lr=1.000000e-05
2026-05-25 13:49:01 | INFO | epoch=5 step=2044/2224 global_step=10940 loss=0.295207 gld=0.199093 lld=0.030004 ggd=0.095814 lr=1.000000e-05
2026-05-25 13:49:28 | INFO | epoch=5 step=2064/2224 global_step=10960 loss=0.328042 gld=0.225634 lld=0.031008 ggd=0.102097 lr=1.000000e-05
2026-05-25 13:49:54 | INFO | epoch=5 step=2084/2224 global_step=10980 loss=0.287485 gld=0.195802 lld=0.028934 ggd=0.091393 lr=1.000000e-05
2026-05-25 13:50:21 | INFO | epoch=5 step=2104/2224 global_step=11000 loss=0.332178 gld=0.224517 lld=0.030460 ggd=0.107357 lr=1.000000e-05
2026-05-25 13:50:47 | INFO | epoch=5 step=2124/2224 global_step=11020 loss=0.288813 gld=0.196070 lld=0.029570 ggd=0.092448 lr=1.000000e-05
2026-05-25 13:51:13 | INFO | epoch=5 step=2144/2224 global_step=11040 loss=0.319947 gld=0.220466 lld=0.028532 ggd=0.099196 lr=1.000000e-05
2026-05-25 13:51:40 | INFO | epoch=5 step=2164/2224 global_step=11060 loss=0.362469 gld=0.246682 lld=0.030991 ggd=0.115477 lr=1.000000e-05
2026-05-25 13:52:06 | INFO | epoch=5 step=2184/2224 global_step=11080 loss=0.293097 gld=0.202412 lld=0.029778 ggd=0.090387 lr=1.000000e-05
2026-05-25 13:52:32 | INFO | epoch=5 step=2204/2224 global_step=11100 loss=0.309753 gld=0.209383 lld=0.029759 ggd=0.100072 lr=1.000000e-05
2026-05-25 13:52:58 | INFO | epoch=5 step=2224/2224 global_step=11120 loss=0.277476 gld=0.187238 lld=0.029632 ggd=0.089942 lr=1.000000e-05
2026-05-25 13:52:58 | INFO | [Epoch 5] avg_loss=0.308539 avg_gld=0.210983 avg_lld=0.029111 avg_ggd=0.097265
2026-05-25 13:52:59 | INFO | Saved checkpoint: outputs/pretrain_bs36/atas_epoch_5.pt
2026-05-25 13:53:26 | INFO | epoch=6 step=20/2224 global_step=11140 loss=0.300808 gld=0.203034 lld=0.029418 ggd=0.097480 lr=1.000000e-05
2026-05-25 13:53:52 | INFO | epoch=6 step=40/2224 global_step=11160 loss=0.304917 gld=0.208407 lld=0.029673 ggd=0.096213 lr=1.000000e-05
2026-05-25 13:54:18 | INFO | epoch=6 step=60/2224 global_step=11180 loss=0.338412 gld=0.232683 lld=0.030148 ggd=0.105427 lr=1.000000e-05
2026-05-25 13:54:44 | INFO | epoch=6 step=80/2224 global_step=11200 loss=0.317259 gld=0.212965 lld=0.029194 ggd=0.104003 lr=1.000000e-05
2026-05-25 13:55:10 | INFO | epoch=6 step=100/2224 global_step=11220 loss=0.301789 gld=0.208917 lld=0.028535 ggd=0.092587 lr=1.000000e-05
2026-05-25 13:55:36 | INFO | epoch=6 step=120/2224 global_step=11240 loss=0.314104 gld=0.216177 lld=0.029139 ggd=0.097635 lr=1.000000e-05
2026-05-25 13:56:03 | INFO | epoch=6 step=140/2224 global_step=11260 loss=0.341805 gld=0.228476 lld=0.030486 ggd=0.113024 lr=1.000000e-05
2026-05-25 13:56:29 | INFO | epoch=6 step=160/2224 global_step=11280 loss=0.287657 gld=0.195397 lld=0.029749 ggd=0.091962 lr=1.000000e-05
2026-05-25 13:56:55 | INFO | epoch=6 step=180/2224 global_step=11300 loss=0.339752 gld=0.229839 lld=0.030313 ggd=0.109610 lr=1.000000e-05
2026-05-25 13:57:21 | INFO | epoch=6 step=200/2224 global_step=11320 loss=0.313631 gld=0.213263 lld=0.030653 ggd=0.100061 lr=1.000000e-05
2026-05-25 13:57:47 | INFO | epoch=6 step=220/2224 global_step=11340 loss=0.293530 gld=0.201203 lld=0.029597 ggd=0.092030 lr=1.000000e-05
2026-05-25 13:58:13 | INFO | epoch=6 step=240/2224 global_step=11360 loss=0.286154 gld=0.194362 lld=0.030046 ggd=0.091492 lr=1.000000e-05
2026-05-25 13:58:40 | INFO | epoch=6 step=260/2224 global_step=11380 loss=0.310568 gld=0.207332 lld=0.029888 ggd=0.102937 lr=1.000000e-05
2026-05-25 13:59:06 | INFO | epoch=6 step=280/2224 global_step=11400 loss=0.300697 gld=0.202793 lld=0.030949 ggd=0.097594 lr=1.000000e-05
2026-05-25 13:59:32 | INFO | epoch=6 step=300/2224 global_step=11420 loss=0.298251 gld=0.201709 lld=0.029282 ggd=0.096249 lr=1.000000e-05
2026-05-25 13:59:58 | INFO | epoch=6 step=320/2224 global_step=11440 loss=0.287591 gld=0.195811 lld=0.028933 ggd=0.091490 lr=1.000000e-05
2026-05-25 14:00:24 | INFO | epoch=6 step=340/2224 global_step=11460 loss=0.311825 gld=0.213424 lld=0.029991 ggd=0.098101 lr=1.000000e-05
2026-05-25 14:00:51 | INFO | epoch=6 step=360/2224 global_step=11480 loss=0.328482 gld=0.221910 lld=0.029992 ggd=0.106272 lr=1.000000e-05
2026-05-25 14:01:17 | INFO | epoch=6 step=380/2224 global_step=11500 loss=0.297326 gld=0.197135 lld=0.030658 ggd=0.099885 lr=1.000000e-05
2026-05-25 14:01:43 | INFO | epoch=6 step=400/2224 global_step=11520 loss=0.308534 gld=0.210280 lld=0.030787 ggd=0.097947 lr=1.000000e-05
2026-05-25 14:02:09 | INFO | epoch=6 step=420/2224 global_step=11540 loss=0.284310 gld=0.192747 lld=0.029630 ggd=0.091267 lr=1.000000e-05
2026-05-25 14:02:36 | INFO | epoch=6 step=440/2224 global_step=11560 loss=0.308519 gld=0.211522 lld=0.030119 ggd=0.096696 lr=1.000000e-05
2026-05-25 14:03:02 | INFO | epoch=6 step=460/2224 global_step=11580 loss=0.313083 gld=0.213234 lld=0.029845 ggd=0.099551 lr=1.000000e-05
2026-05-25 14:03:28 | INFO | epoch=6 step=480/2224 global_step=11600 loss=0.308713 gld=0.208882 lld=0.030047 ggd=0.099531 lr=1.000000e-05
2026-05-25 14:03:54 | INFO | epoch=6 step=500/2224 global_step=11620 loss=0.307496 gld=0.206791 lld=0.030919 ggd=0.100396 lr=1.000000e-05
2026-05-25 14:04:20 | INFO | epoch=6 step=520/2224 global_step=11640 loss=0.274928 gld=0.186461 lld=0.029213 ggd=0.088175 lr=1.000000e-05
2026-05-25 14:04:47 | INFO | epoch=6 step=540/2224 global_step=11660 loss=0.341577 gld=0.230223 lld=0.029994 ggd=0.111054 lr=1.000000e-05
2026-05-25 14:05:13 | INFO | epoch=6 step=560/2224 global_step=11680 loss=0.258319 gld=0.172950 lld=0.028726 ggd=0.085082 lr=1.000000e-05
2026-05-25 14:05:39 | INFO | epoch=6 step=580/2224 global_step=11700 loss=0.294520 gld=0.200292 lld=0.029419 ggd=0.093934 lr=1.000000e-05
2026-05-25 14:06:05 | INFO | epoch=6 step=600/2224 global_step=11720 loss=0.308278 gld=0.208372 lld=0.030437 ggd=0.099602 lr=1.000000e-05
2026-05-25 14:06:31 | INFO | epoch=6 step=620/2224 global_step=11740 loss=0.302368 gld=0.203531 lld=0.029828 ggd=0.098538 lr=1.000000e-05
2026-05-25 14:06:57 | INFO | epoch=6 step=640/2224 global_step=11760 loss=0.308003 gld=0.206558 lld=0.030655 ggd=0.101139 lr=1.000000e-05
2026-05-25 14:07:24 | INFO | epoch=6 step=660/2224 global_step=11780 loss=0.321313 gld=0.216819 lld=0.030085 ggd=0.104194 lr=1.000000e-05
2026-05-25 14:07:50 | INFO | epoch=6 step=680/2224 global_step=11800 loss=0.331769 gld=0.224524 lld=0.029888 ggd=0.106946 lr=1.000000e-05
2026-05-25 14:08:16 | INFO | epoch=6 step=700/2224 global_step=11820 loss=0.321106 gld=0.217167 lld=0.030887 ggd=0.103630 lr=1.000000e-05
2026-05-25 14:08:43 | INFO | epoch=6 step=720/2224 global_step=11840 loss=0.336639 gld=0.231492 lld=0.031262 ggd=0.104834 lr=1.000000e-05
2026-05-25 14:09:09 | INFO | epoch=6 step=740/2224 global_step=11860 loss=0.320669 gld=0.220228 lld=0.029152 ggd=0.100150 lr=1.000000e-05
2026-05-25 14:09:35 | INFO | epoch=6 step=760/2224 global_step=11880 loss=0.290519 gld=0.195160 lld=0.029687 ggd=0.095063 lr=1.000000e-05
2026-05-25 14:10:01 | INFO | epoch=6 step=780/2224 global_step=11900 loss=0.273117 gld=0.185266 lld=0.029344 ggd=0.087557 lr=1.000000e-05
2026-05-25 14:10:27 | INFO | epoch=6 step=800/2224 global_step=11920 loss=0.278773 gld=0.186020 lld=0.029613 ggd=0.092457 lr=1.000000e-05
2026-05-25 14:10:53 | INFO | epoch=6 step=820/2224 global_step=11940 loss=0.297269 gld=0.201508 lld=0.029547 ggd=0.095466 lr=1.000000e-05
2026-05-25 14:11:20 | INFO | epoch=6 step=840/2224 global_step=11960 loss=0.311497 gld=0.211056 lld=0.030776 ggd=0.100134 lr=1.000000e-05
2026-05-25 14:11:46 | INFO | epoch=6 step=860/2224 global_step=11980 loss=0.291715 gld=0.198377 lld=0.029806 ggd=0.093039 lr=1.000000e-05
2026-05-25 14:12:12 | INFO | epoch=6 step=880/2224 global_step=12000 loss=0.343685 gld=0.230228 lld=0.030847 ggd=0.113149 lr=1.000000e-05
2026-05-25 14:12:38 | INFO | epoch=6 step=900/2224 global_step=12020 loss=0.298482 gld=0.202626 lld=0.030539 ggd=0.095551 lr=1.000000e-05
2026-05-25 14:13:04 | INFO | epoch=6 step=920/2224 global_step=12040 loss=0.307165 gld=0.204302 lld=0.030778 ggd=0.102555 lr=1.000000e-05
2026-05-25 14:13:30 | INFO | epoch=6 step=940/2224 global_step=12060 loss=0.316973 gld=0.217470 lld=0.030882 ggd=0.099194 lr=1.000000e-05
2026-05-25 14:13:57 | INFO | epoch=6 step=960/2224 global_step=12080 loss=0.328966 gld=0.220650 lld=0.030711 ggd=0.108009 lr=1.000000e-05
2026-05-25 14:14:23 | INFO | epoch=6 step=980/2224 global_step=12100 loss=0.302803 gld=0.204977 lld=0.030868 ggd=0.097517 lr=1.000000e-05
2026-05-25 14:14:49 | INFO | epoch=6 step=1000/2224 global_step=12120 loss=0.302850 gld=0.202947 lld=0.029945 ggd=0.099604 lr=1.000000e-05
2026-05-25 14:15:16 | INFO | epoch=6 step=1020/2224 global_step=12140 loss=0.296019 gld=0.199141 lld=0.030591 ggd=0.096572 lr=1.000000e-05
2026-05-25 14:15:41 | INFO | epoch=6 step=1040/2224 global_step=12160 loss=0.345580 gld=0.233630 lld=0.031569 ggd=0.111634 lr=1.000000e-05
2026-05-25 14:16:08 | INFO | epoch=6 step=1060/2224 global_step=12180 loss=0.317240 gld=0.212085 lld=0.030068 ggd=0.104854 lr=1.000000e-05
2026-05-25 14:16:34 | INFO | epoch=6 step=1080/2224 global_step=12200 loss=0.321140 gld=0.219436 lld=0.031326 ggd=0.101391 lr=1.000000e-05
2026-05-25 14:17:00 | INFO | epoch=6 step=1100/2224 global_step=12220 loss=0.319807 gld=0.215260 lld=0.030529 ggd=0.104241 lr=1.000000e-05
2026-05-25 14:17:26 | INFO | epoch=6 step=1120/2224 global_step=12240 loss=0.285334 gld=0.191768 lld=0.031757 ggd=0.093248 lr=1.000000e-05
2026-05-25 14:17:53 | INFO | epoch=6 step=1140/2224 global_step=12260 loss=0.289296 gld=0.193822 lld=0.029593 ggd=0.095178 lr=1.000000e-05
2026-05-25 14:18:19 | INFO | epoch=6 step=1160/2224 global_step=12280 loss=0.351796 gld=0.238135 lld=0.031137 ggd=0.113350 lr=1.000000e-05
2026-05-25 14:18:46 | INFO | epoch=6 step=1180/2224 global_step=12300 loss=0.278727 gld=0.189801 lld=0.029310 ggd=0.088633 lr=1.000000e-05
2026-05-25 14:19:11 | INFO | epoch=6 step=1200/2224 global_step=12320 loss=0.304746 gld=0.208322 lld=0.030934 ggd=0.096115 lr=1.000000e-05
2026-05-25 14:19:38 | INFO | epoch=6 step=1220/2224 global_step=12340 loss=0.308135 gld=0.209933 lld=0.031331 ggd=0.097889 lr=1.000000e-05
2026-05-25 14:20:04 | INFO | epoch=6 step=1240/2224 global_step=12360 loss=0.322532 gld=0.211580 lld=0.031230 ggd=0.110640 lr=1.000000e-05
2026-05-25 14:20:30 | INFO | epoch=6 step=1260/2224 global_step=12380 loss=0.304862 gld=0.203711 lld=0.030733 ggd=0.100844 lr=1.000000e-05
2026-05-25 14:20:57 | INFO | epoch=6 step=1280/2224 global_step=12400 loss=0.298611 gld=0.204778 lld=0.030270 ggd=0.093529 lr=1.000000e-05
2026-05-25 14:21:23 | INFO | epoch=6 step=1300/2224 global_step=12420 loss=0.301283 gld=0.208095 lld=0.030327 ggd=0.092885 lr=1.000000e-05
2026-05-25 14:21:49 | INFO | epoch=6 step=1320/2224 global_step=12440 loss=0.310432 gld=0.206822 lld=0.031070 ggd=0.103299 lr=1.000000e-05
2026-05-25 14:22:15 | INFO | epoch=6 step=1340/2224 global_step=12460 loss=0.291786 gld=0.197053 lld=0.031254 ggd=0.094421 lr=1.000000e-05
2026-05-25 14:22:42 | INFO | epoch=6 step=1360/2224 global_step=12480 loss=0.298038 gld=0.209222 lld=0.029345 ggd=0.088522 lr=1.000000e-05
2026-05-25 14:22:59 | INFO | epoch=6 step=1380/2224 global_step=12500 loss=0.303501 gld=0.206342 lld=0.029832 ggd=0.096861 lr=1.000000e-05
2026-05-25 14:23:11 | INFO | epoch=6 step=1400/2224 global_step=12520 loss=0.291725 gld=0.195254 lld=0.030596 ggd=0.096166 lr=1.000000e-05
2026-05-25 14:23:25 | INFO | epoch=6 step=1420/2224 global_step=12540 loss=0.302193 gld=0.203583 lld=0.030410 ggd=0.098306 lr=1.000000e-05
2026-05-25 14:23:38 | INFO | epoch=6 step=1440/2224 global_step=12560 loss=0.303672 gld=0.204329 lld=0.030107 ggd=0.099043 lr=1.000000e-05
2026-05-25 14:23:52 | INFO | epoch=6 step=1460/2224 global_step=12580 loss=0.271731 gld=0.184369 lld=0.030310 ggd=0.087059 lr=1.000000e-05
2026-05-25 14:24:05 | INFO | epoch=6 step=1480/2224 global_step=12600 loss=0.276802 gld=0.189012 lld=0.030422 ggd=0.087486 lr=1.000000e-05
2026-05-25 14:24:17 | INFO | epoch=6 step=1500/2224 global_step=12620 loss=0.282917 gld=0.189849 lld=0.031369 ggd=0.092755 lr=1.000000e-05
2026-05-25 14:24:31 | INFO | epoch=6 step=1520/2224 global_step=12640 loss=0.292976 gld=0.197622 lld=0.030034 ggd=0.095054 lr=1.000000e-05
2026-05-25 14:24:44 | INFO | epoch=6 step=1540/2224 global_step=12660 loss=0.300584 gld=0.201122 lld=0.031377 ggd=0.099148 lr=1.000000e-05
2026-05-25 14:24:57 | INFO | epoch=6 step=1560/2224 global_step=12680 loss=0.290461 gld=0.197386 lld=0.030927 ggd=0.092767 lr=1.000000e-05
2026-05-25 14:25:10 | INFO | epoch=6 step=1580/2224 global_step=12700 loss=0.314966 gld=0.210885 lld=0.029926 ggd=0.103781 lr=1.000000e-05
2026-05-25 14:25:23 | INFO | epoch=6 step=1600/2224 global_step=12720 loss=0.282369 gld=0.188948 lld=0.030390 ggd=0.093117 lr=1.000000e-05
2026-05-25 14:25:37 | INFO | epoch=6 step=1620/2224 global_step=12740 loss=0.291682 gld=0.195747 lld=0.030310 ggd=0.095631 lr=1.000000e-05
2026-05-25 14:25:49 | INFO | epoch=6 step=1640/2224 global_step=12760 loss=0.289362 gld=0.195399 lld=0.031068 ggd=0.093653 lr=1.000000e-05
2026-05-25 14:26:04 | INFO | epoch=6 step=1660/2224 global_step=12780 loss=0.308152 gld=0.207454 lld=0.030081 ggd=0.100397 lr=1.000000e-05
2026-05-25 14:26:16 | INFO | epoch=6 step=1680/2224 global_step=12800 loss=0.319207 gld=0.220248 lld=0.030460 ggd=0.098654 lr=1.000000e-05
2026-05-25 14:26:30 | INFO | epoch=6 step=1700/2224 global_step=12820 loss=0.295449 gld=0.196126 lld=0.031139 ggd=0.099011 lr=1.000000e-05
2026-05-25 14:26:43 | INFO | epoch=6 step=1720/2224 global_step=12840 loss=0.281992 gld=0.187867 lld=0.030663 ggd=0.093818 lr=1.000000e-05
2026-05-25 14:26:57 | INFO | epoch=6 step=1740/2224 global_step=12860 loss=0.305794 gld=0.211071 lld=0.030478 ggd=0.094418 lr=1.000000e-05
2026-05-25 14:27:09 | INFO | epoch=6 step=1760/2224 global_step=12880 loss=0.315401 gld=0.211649 lld=0.030587 ggd=0.103446 lr=1.000000e-05
2026-05-25 14:27:23 | INFO | epoch=6 step=1780/2224 global_step=12900 loss=0.301446 gld=0.203382 lld=0.031350 ggd=0.097750 lr=1.000000e-05
2026-05-25 14:27:36 | INFO | epoch=6 step=1800/2224 global_step=12920 loss=0.312687 gld=0.212050 lld=0.032407 ggd=0.100313 lr=1.000000e-05
2026-05-25 14:27:50 | INFO | epoch=6 step=1820/2224 global_step=12940 loss=0.281595 gld=0.192715 lld=0.031345 ggd=0.088567 lr=1.000000e-05
2026-05-25 14:28:03 | INFO | epoch=6 step=1840/2224 global_step=12960 loss=0.300220 gld=0.202851 lld=0.029891 ggd=0.097071 lr=1.000000e-05
2026-05-25 14:28:16 | INFO | epoch=6 step=1860/2224 global_step=12980 loss=0.315442 gld=0.212713 lld=0.032092 ggd=0.102408 lr=1.000000e-05
2026-05-25 14:28:29 | INFO | epoch=6 step=1880/2224 global_step=13000 loss=0.315682 gld=0.212999 lld=0.032289 ggd=0.102360 lr=1.000000e-05
2026-05-25 14:28:43 | INFO | epoch=6 step=1900/2224 global_step=13020 loss=0.304360 gld=0.207672 lld=0.031840 ggd=0.096369 lr=1.000000e-05
2026-05-25 14:28:56 | INFO | epoch=6 step=1920/2224 global_step=13040 loss=0.275454 gld=0.185907 lld=0.031023 ggd=0.089236 lr=1.000000e-05
2026-05-25 14:29:09 | INFO | epoch=6 step=1940/2224 global_step=13060 loss=0.301299 gld=0.202396 lld=0.032274 ggd=0.098580 lr=1.000000e-05
2026-05-25 14:29:23 | INFO | epoch=6 step=1960/2224 global_step=13080 loss=0.323673 gld=0.221018 lld=0.031199 ggd=0.102344 lr=1.000000e-05
2026-05-25 14:29:36 | INFO | epoch=6 step=1980/2224 global_step=13100 loss=0.271942 gld=0.185904 lld=0.030615 ggd=0.085732 lr=1.000000e-05
2026-05-25 14:29:50 | INFO | epoch=6 step=2000/2224 global_step=13120 loss=0.293729 gld=0.195180 lld=0.031008 ggd=0.098238 lr=1.000000e-05
2026-05-25 14:30:03 | INFO | epoch=6 step=2020/2224 global_step=13140 loss=0.315376 gld=0.212058 lld=0.030557 ggd=0.103012 lr=1.000000e-05
2026-05-25 14:30:16 | INFO | epoch=6 step=2040/2224 global_step=13160 loss=0.298771 gld=0.202303 lld=0.030875 ggd=0.096159 lr=1.000000e-05
2026-05-25 14:30:30 | INFO | epoch=6 step=2060/2224 global_step=13180 loss=0.343291 gld=0.232579 lld=0.031713 ggd=0.110395 lr=1.000000e-05
2026-05-25 14:30:45 | INFO | epoch=6 step=2080/2224 global_step=13200 loss=0.319073 gld=0.213876 lld=0.031761 ggd=0.104879 lr=1.000000e-05
2026-05-25 14:31:00 | INFO | epoch=6 step=2100/2224 global_step=13220 loss=0.302076 gld=0.200049 lld=0.031380 ggd=0.101713 lr=1.000000e-05
2026-05-25 14:31:15 | INFO | epoch=6 step=2120/2224 global_step=13240 loss=0.300468 gld=0.199941 lld=0.031695 ggd=0.100210 lr=1.000000e-05
2026-05-25 14:31:30 | INFO | epoch=6 step=2140/2224 global_step=13260 loss=0.270582 gld=0.182140 lld=0.031889 ggd=0.088123 lr=1.000000e-05
2026-05-25 14:31:45 | INFO | epoch=6 step=2160/2224 global_step=13280 loss=0.314444 gld=0.212288 lld=0.031606 ggd=0.101840 lr=1.000000e-05
2026-05-25 14:32:00 | INFO | epoch=6 step=2180/2224 global_step=13300 loss=0.307986 gld=0.210343 lld=0.032812 ggd=0.097315 lr=1.000000e-05
2026-05-25 14:32:15 | INFO | epoch=6 step=2200/2224 global_step=13320 loss=0.293929 gld=0.198675 lld=0.031096 ggd=0.094943 lr=1.000000e-05
2026-05-25 14:32:30 | INFO | epoch=6 step=2220/2224 global_step=13340 loss=0.295732 gld=0.197757 lld=0.030332 ggd=0.097672 lr=1.000000e-05
2026-05-25 14:32:34 | INFO | [Epoch 6] avg_loss=0.303165 avg_gld=0.205281 avg_lld=0.030490 avg_ggd=0.097579
2026-05-25 14:32:35 | INFO | Saved checkpoint: outputs/pretrain_bs36/atas_epoch_6.pt
2026-05-25 14:32:43 | INFO | Finished. Final checkpoint: outputs/pretrain_bs36/atas_epoch_6.pt
